PI_FAST_FLASH_BOOT)
configsip: 0, SPIWP:0xee
clk_drv:0x00,q_drv:0x00,d_drv:0x00,cs0_drv:0x00,hd_drv:0x00,wp_drv:0x00
mode:DIO, clock div:2
load:0x3fff0030,len:6276
load:0x400ï¿½ets Jul 29 2019 12:21:46

rst:0x1 (POWERON_RESET),boot:0x17 (SPI_FAST_FLASH_BOOT)
configsip: 0, SPIWP:0xee
clk_drv:0x00,q_drv:0x00,d_drv:0x00,cs0_drv:0x00,hd_drv:0x00,wp_drv:0x00
mode:DIO, clock div:2
load:0x3fff0030,len:6276
load:0x40078000,len:15716
load:0x40080400,len:4
ho 8 tail 4 room 4
load:0x40080404,len:3852
entry 0x4008063c
[0;32mI (31) boot: ESP-IDF v5.4 2nd stage bootloader[0m
[0;32mI (31) boot: compile time May 26 2025 23:36:22[0m
[0;32mI (31) boot: Multicore bootloader[0m
[0;32mI (32) boot: chip revision: v3.1[0m
[0;32mI (35) boot.esp32: SPI Speed      : 40MHz[0m
[0;32mI (39) boot.esp32: SPI Mode       : DIO[0m
[0;32mI (42) boot.esp32: SPI Flash Size : 4MB[0m
[0;32mI (46) boot: Enabling RNG early entropy source...[0m
[0;32mI (50) boot: Partition Table:[0m
[0;32mI (53) boot: ## Label            Usage          Type ST Offset   Length[0m
[0;32mI (59) boot:  0 nvs              WiFi data        01 02 00009000 00006000[0m
[0;32mI (66) boot:  1 phy_init         RF data          01 01 0000f000 00001000[0m
[0;32mI (72) boot:  2 factory          factory app      00 00 00010000 00100000[0m
[0;32mI (79) boot: End of partition table[0m
[0;32mI (82) esp_image: segment 0: paddr=00010020 vaddr=3f400020 size=0b300h ( 45824) map[0m
[0;32mI (105) esp_image: segment 1: paddr=0001b328 vaddr=3ff80000 size=0001ch (    28) load[0m
[0;32mI (106) esp_image: segment 2: paddr=0001b34c vaddr=3ffb0000 size=023ach (  9132) load[0m
[0;32mI (113) esp_image: segment 3: paddr=0001d700 vaddr=40080000 size=02918h ( 10520) load[0m
[0;32mI (121) esp_image: segment 4: paddr=00020020 vaddr=400d0020 size=17cd0h ( 97488) map[0m
[0;32mI (158) esp_image: segment 5: paddr=00037cf8 vaddr=40082918 size=0c1c0h ( 49600) load[0m
[0;32mI (184) boot: Loaded app from partition at offset 0x10000[0m
[0;32mI (184) boot: Disabling RNG early entropy source...[0m
[0;32mI (195) cpu_start: Multicore app[0m
[0;32mI (203) cpu_start: Pro cpu start user code[0m
[0;32mI (203) cpu_start: cpu freq: 80000000 Hz[0m
[0;32mI (203) app_init: Application information:[0m
[0;32mI (203) app_init: Project name:     ESP32_level[0m
[0;32mI (207) app_init: App version:      1[0m
[0;32mI (211) app_init: Compile time:     May 26 2025 23:21:11[0m
[0;32mI (216) app_init: ELF file SHA256:  d1f9fb7e4...[0m
[0;32mI (220) app_init: ESP-IDF:          v5.4[0m
[0;32mI (224) efuse_init: Min chip rev:     v0.0[0m
[0;32mI (228) efuse_init: Max chip rev:     v3.99 [0m
[0;32mI (232) efuse_init: Chip rev:         v3.1[0m
[0;32mI (236) heap_init: Initializing. RAM available for dynamic allocation:[0m
[0;32mI (242) heap_init: At 3FFAE6E0 len 00001920 (6 KiB): DRAM[0m
[0;32mI (247) heap_init: At 3FFB2DC8 len 0002D238 (180 KiB): DRAM[0m
[0;32mI (252) heap_init: At 3FFE0440 len 00003AE0 (14 KiB): D/IRAM[0m
[0;32mI (257) heap_init: At 3FFE4350 len 0001BCB0 (111 KiB): D/IRAM[0m
[0;32mI (263) heap_init: At 4008EAD8 len 00011528 (69 KiB): IRAM[0m
[0;32mI (270) spi_flash: detected chip: generic[0m
[0;32mI (272) spi_flash: flash io: dio[0m
[0;33mW (275) i2c: This driver is an old driver, please migrate your application code to adapt `driver/i2c_master.h`[0m
[0;32mI (286) main_task: Started on CPU0[0m
[0;32mI (296) main_task: Calling app_main()[0m
[0;32mI (296) gpio: GPIO[4]| InputEn: 0| OutputEn: 0| OpenDrain: 0| Pullup: 1| Pulldown: 0| Intr:0 [0m
Debounce timer created successfully
Semaphore created successfully
Successful MPU6050 initialization
Pitch: -0.780993
Pitch: -0.874652
Pitch: -0.780548
Pitch: -0.551277
Pitch: 4.145947
Pitch: 3.805714
Pitch: 3.804150
Pitch: 9.202964
Pitch: 9.716005
Pitch: 9.230191
Pitch: 8.080196
Pitch: 6.380404
Pitch: 4.759635
Pitch: 27.498968
Pitch: 27.254827
Pitch: 38.737717
Pitch: 42.426807
Pitch: 43.054237
Pitch: 43.312984
Pitch: 44.918636
Pitch: 46.772751
Pitch: 56.161469
Pitch: 65.895859
Pitch: 67.171432
Pitch: 59.060303
Pitch: 25.630342
Pitch: 3.889781
Pitch: -0.510336
Pitch: -0.443219
Pitch: -0.575501
Pitch: -0.664139
Pitch: -0.505619
Pitch: -0.615386
Pitch: -0.542901
Pitch: -0.374051
Pitch: -0.507271
Pitch: -0.391815
Pitch: -0.488282
Pitch: -0.416083
Pitch: -1.019078
Pitch: -0.417461
Pitch: -0.854837
Pitch: -0.880267
Pitch: -0.316606
Pitch: -0.472977
Pitch: -0.791469
Pitch: -0.273714
Pitch: -0.388067
Pitch: -0.806282
Pitch: -0.559984
Pitch: -0.403145
Pitch: -0.815339
Pitch: -0.504460
Pitch: -0.692824
Pitch: -0.401113
Pitch: -0.777659
Pitch: -0.692839
Pitch: -0.679227
Pitch: -0.331001
Pitch: -0.403143
Pitch: -0.860816
Pitch: -0.447933
Pitch: -0.678703
Pitch: -0.668336
Pitch: -0.572720
Pitch: -0.346675
Pitch: -0.317957
Pitch: -0.737623
Pitch: -0.620667
Pitch: -0.589578
Pitch: -0.403982
Pitch: -0.536728
Pitch: -0.513180
Pitch: -0.687490
Pitch: -0.488897
Pitch: -0.650017
Pitch: -0.532286
Pitch: -0.665629
Pitch: -0.698076
Pitch: -0.636547
Pitch: -0.374907
Pitch: -0.696212
Pitch: -0.579528
Pitch: -0.447257
Pitch: -0.605009
Pitch: -0.789448
Pitch: -0.532983
Pitch: -0.386623
Pitch: -0.561507
Pitch: -0.689390
Pitch: -0.388912
