019 12:21:46

rst:0x1 (POWERON_RESET),boot:0x17 (SPI_FAST_FLASH_BOOT)
configsip: 0, SPIWP:0xee
clk_drv:0x00,q_drv:0x00,d_drv:0x00,cs0_drv:0x00,hd_drv:0x00,wp_drv:0x00
mode:DIO, clock div:2
load:0x3fff0030,len:6276
load:0x400ï¿½ets Jul 29 2019 12:21:46

rst:0x1 (POWERON_RESET),boot:0x17 (SPI_FAST_FLASH_BOOT)
configsip: 0, SPIWP:0xee
clk_drv:0x00,q_drv:0x00,d_drv:0x00,cs0_drv:0x00,hd_drv:0x00,wp_drv:0x00
mode:DIO, clock div:2
load:0x3fff0030,len:6276
load:0x40078000,len:15716
load:0x40080400,len:4
ho 8 tail 4 room 4
load:0x40080404,len:3852
entry 0x4008063c
[0;32mI (31) boot: ESP-IDF v5.4 2nd stage bootloader[0m
[0;32mI (31) boot: compile time May 26 2025 23:36:22[0m
[0;32mI (31) boot: Multicore bootloader[0m
[0;32mI (32) boot: chip revision: v3.1[0m
[0;32mI (35) boot.esp32: SPI Speed      : 40MHz[0m
[0;32mI (39) boot.esp32: SPI Mode       : DIO[0m
[0;32mI (42) boot.esp32: SPI Flash Size : 4MB[0m
[0;32mI (46) boot: Enabling RNG early entropy source...[0m
[0;32mI (50) boot: Partition Table:[0m
[0;32mI (53) boot: ## Label            Usage          Type ST Offset   Length[0m
[0;32mI (59) boot:  0 nvs              WiFi data        01 02 00009000 00006000[0m
[0;32mI (66) boot:  1 phy_init         RF data          01 01 0000f000 00001000[0m
[0;32mI (72) boot:  2 factory          factory app      00 00 00010000 00100000[0m
[0;32mI (79) boot: End of partition table[0m
[0;32mI (82) esp_image: segment 0: paddr=00010020 vaddr=3f400020 size=0b310h ( 45840) map[0m
[0;32mI (105) esp_image: segment 1: paddr=0001b338 vaddr=3ff80000 size=0001ch (    28) load[0m
[0;32mI (106) esp_image: segment 2: paddr=0001b35c vaddr=3ffb0000 size=023ach (  9132) load[0m
[0;32mI (113) esp_image: segment 3: paddr=0001d710 vaddr=40080000 size=02908h ( 10504) load[0m
[0;32mI (121) esp_image: segment 4: paddr=00020020 vaddr=400d0020 size=17f98h ( 98200) map[0m
[0;32mI (158) esp_image: segment 5: paddr=00037fc0 vaddr=40082908 size=0c1d0h ( 49616) load[0m
[0;32mI (184) boot: Loaded app from partition at offset 0x10000[0m
[0;32mI (184) boot: Disabling RNG early entropy source...[0m
[0;32mI (195) cpu_start: Multicore app[0m
[0;32mI (203) cpu_start: Pro cpu start user code[0m
[0;32mI (203) cpu_start: cpu freq: 80000000 Hz[0m
[0;32mI (203) app_init: Application information:[0m
[0;32mI (203) app_init: Project name:     ESP32_level[0m
[0;32mI (207) app_init: App version:      1[0m
[0;32mI (211) app_init: Compile time:     May 26 2025 23:21:11[0m
[0;32mI (216) app_init: ELF file SHA256:  8e2c2a7ce...[0m
[0;32mI (220) app_init: ESP-IDF:          v5.4[0m
[0;32mI (224) efuse_init: Min chip rev:     v0.0[0m
[0;32mI (228) efuse_init: Max chip rev:     v3.99 [0m
[0;32mI (232) efuse_init: Chip rev:         v3.1[0m
[0;32mI (236) heap_init: Initializing. RAM available for dynamic allocation:[0m
[0;32mI (242) heap_init: At 3FFAE6E0 len 00001920 (6 KiB): DRAM[0m
[0;32mI (247) heap_init: At 3FFB2DF0 len 0002D210 (180 KiB): DRAM[0m
[0;32mI (252) heap_init: At 3FFE0440 len 00003AE0 (14 KiB): D/IRAM[0m
[0;32mI (258) heap_init: At 3FFE4350 len 0001BCB0 (111 KiB): D/IRAM[0m
[0;32mI (263) heap_init: At 4008EAD8 len 00011528 (69 KiB): IRAM[0m
[0;32mI (270) spi_flash: detected chip: generic[0m
[0;32mI (272) spi_flash: flash io: dio[0m
[0;33mW (275) i2c: This driver is an old driver, please migrate your application code to adapt `driver/i2c_master.h`[0m
[0;32mI (286) main_task: Started on CPU0[0m
[0;32mI (296) main_task: Calling app_main()[0m
[0;32mI (296) gpio: GPIO[4]| InputEn: 0| OutputEn: 0| OpenDrain: 0| Pullup: 1| Pulldown: 0| Intr:0 [0m
Debounce timer created successfully
Semaphore created successfully
Successful MPU6050 initialization
Rotation: 0.849020
Roll: 0.662080
Yaw: 1.121422
Rotation: 0.861291
Roll: 0.362791
Yaw: 0.949253
Rotation: 0.875295
Roll: 0.746572
Yaw: 1.192535
Rotation: 3.736718
Roll: 0.786066
Yaw: 3.882976
Rotation: 2.557518
Roll: 2.865103
Yaw: 4.415171
Rotation: 0.818720
Roll: 19.638586
Yaw: 19.673615
Rotation: 1.209538
Roll: 32.004738
Yaw: 32.033695
Rotation: 1.928340
Roll: 43.339722
Yaw: 43.456760
Rotation: 1.831430
Roll: 44.011826
Yaw: 44.094334
Rotation: 1.485352
Roll: 43.392471
Yaw: 43.443481
Rotation: 2.370632
Roll: 15.385624
Yaw: 15.592308
Rotation: 1.638426
Roll: 8.100004
Yaw: 8.279318
Rotation: 1.350692
Roll: 5.536520
Yaw: 5.701003
Rotation: 6.519206
Roll: 24.096930
Yaw: 25.100754
Rotation: 2.464335
Roll: 25.723469
Yaw: 25.868740
Rotation: 3.169015
Roll: 25.387121
Yaw: 25.623251
Rotation: 2.721884
Roll: 20.432274
Yaw: 20.640385
Rotation: 0.718269
Roll: 8.203543
Yaw: 8.258366
Rotation: 11.754962
Roll: 6.422614
Yaw: 13.447014
Rotation: 20.213257
Roll: 7.289797
Yaw: 21.610443
Rotation: 19.818390
Roll: 7.445081
Yaw: 21.299492
Rotation: 19.461430
Roll: 7.558201
Yaw: 21.003624
Rotation: 20.029861
Roll: 8.947176
Yaw: 22.118740
Rotation: 4.726627
Roll: 5.592472
Yaw: 7.340239
Rotation: 2.636271
Roll: 8.131368
Yaw: 8.564265
Rotation: 32.284771
Roll: 8.602598
Yaw: 33.744217
Rotation: 33.193298
Roll: 8.379288
Yaw: 34.553719
Rotation: 32.702763
Roll: 7.792206
Yaw: 33.909523
Rotation: 6.350052
Roll: 11.037127
Yaw: 12.780951
Rotation: 7.594742
Roll: 11.649212
Yaw: 13.971014
Rotation: 3.873728
Roll: 10.290029
Yaw: 11.010296
Rotation: 2.257253
Roll: 10.859505
Yaw: 11.097821
Rotation: 1.884566
Roll: 7.094268
Yaw: 7.345558
Rotation: 6.949655
Roll: 3.900218
Yaw: 8.330495
Rotation: 4.881392
Roll: 5.454922
Yaw: 8.096965
Rotation: 4.340550
Roll: 4.490416
Yaw: 6.339623
Rotation: 3.728853
Roll: 4.636495
Yaw: 6.005042
Rotation: 0.422252
Roll: 4.934941
Yaw: 4.980293
Rotation: 0.342874
Roll: 0.225251
Yaw: 0.410256
Rotation: 1.048638
Roll: 0.620481
Yaw: 1.221429
Rotation: 0.763970
Roll: 0.561984
Yaw: 1.044200
Rotation: 0.834882
Roll: 0.639097
Yaw: 1.116600
Rotation: 0.911908
Roll: 0.641757
Yaw: 1.131380
Rotation: 0.956728
Roll: 0.737879
Yaw: 1.217995
Rotation: 0.918362
Roll: 0.623136
Yaw: 1.126417
Rotation: 0.989458
Roll: 0.954889
Yaw: 1.392070
Rotation: 0.971978
Roll: 0.891802
Yaw: 1.347835
Rotation: 0.993859
Roll: 0.620259
Yaw: 1.172560
Rotation: 1.114345
Roll: 0.438510
Yaw: 1.198065
Rotation: 1.048336
Roll: 0.641644
Yaw: 1.235447
Rotation: 1.025976
Roll: 0.735675
Yaw: 1.286669
Rotation: 1.159372
Roll: 0.699702
Yaw: 1.380036
Rotation: 1.049309
Roll: 0.573733
Yaw: 1.197840
Rotation: 1.088860
Roll: 0.723114
Yaw: 1.310082
Rotation: 0.953573
Roll: 0.589610
Yaw: 1.148999
Rotation: 1.195083
Roll: 0.849562
Yaw: 1.476438
Rotation: 0.996648
Roll: 0.565469
Yaw: 1.167811
Rotation: 0.953731
Roll: 0.595154
Yaw: 1.153574
Rotation: 1.067469
Roll: 0.853310
Yaw: 1.370870
Rotation: 1.108262
Roll: 0.723962
Yaw: 1.333694
Rotation: 1.029952
Roll: 0.853925
Yaw: 1.354833
Rotation: 1.083447
Roll: 0.770802
Yaw: 1.393744
Rotation: 1.227474
Roll: 0.680809
Yaw: 1.406202
Rotation: 1.036777
Roll: 0.693496
Yaw: 1.251999
Rotation: 1.100203
Roll: 0.789324
Yaw: 1.379065
Rotation: 1.114521
Roll: 0.527615
Yaw: 1.249466
Rotation: 0.751264
Roll: 0.821236
Yaw: 1.172876
Rotation: 1.008948
Roll: 0.709506
Yaw: 1.243945
Rotation: 0.912589
Roll: 0.533933
Yaw: 1.077080
Rotation: 0.885366
Roll: 0.972059
Yaw: 1.362879
Rotation: 0.931722
Roll: 0.494973
Yaw: 1.095266
Rotation: 0.879872
Roll: 0.642805
Yaw: 1.172646
Rotation: 1.112647
Roll: 0.711698
Yaw: 1.323132
Rotation: 0.984521
Roll: 0.537929
Yaw: 1.149929
Rotation: 0.770111
Roll: 0.626078
Yaw: 1.058095
Rotation: 1.092342
Roll: 0.683144
Yaw: 1.316767
Rotation: 1.001427
Roll: 0.607184
Yaw: 1.171598
Rotation: 1.177163
Roll: 0.557043
Yaw: 1.308073
Rotation: 1.099709
Roll: 0.614188
Yaw: 1.260368
Rotation: 0.813555
Roll: 0.659169
Yaw: 1.097131
Rotation: 0.916354
Roll: 0.779835
Yaw: 1.233710
Rotation: 0.948694
Roll: 0.716018
Yaw: 1.235532
Rotation: 0.897113
Roll: 0.668036
Yaw: 1.152591
Rotation: 0.808808
Roll: 0.603858
Yaw: 1.050872
Rotation: 0.852782
Roll: 0.584157
Yaw: 1.095128
Rotation: 0.781715
Roll: 0.670716
Yaw: 1.030336
Rotation: 1.028306
Roll: 0.737702
Yaw: 1.276428
Rotation: 1.023402
Roll: 0.561976
Yaw: 1.177914
Rotation: 0.921360
Roll: 0.783607
Yaw: 1.226527
Rotation: 1.057306
Roll: 0.685579
Yaw: 1.273988
Rotation: 0.924852
Roll: 0.713391
Yaw: 1.196555
Rotation: 1.070561
Roll: 0.780022
Yaw: 1.346542
Rotation: 1.019289
Roll: 0.644296
Yaw: 1.235970
Rotation: 1.101985
Roll: 0.929227
Yaw: 1.472677
Rotation: 1.012565
Roll: 0.769658
Yaw: 1.275219
Rotation: 1.117290
Roll: 0.712102
Yaw: 1.399130
Rotation: 1.043580
Roll: 0.784347
Yaw: 1.354414
Rotation: 0.902486
Roll: 0.704307
Yaw: 1.151191
Rotation: 1.003070
Roll: 0.575470
Yaw: 1.172621
Rotation: 1.091015
Roll: 0.668629
Yaw: 1.321781
Rotation: 0.888736
Roll: 0.641315
Yaw: 1.098204
Rotation: 1.062042
Roll: 0.814906
Yaw: 1.408943
Rotation: 1.125775
Roll: 0.663758
Yaw: 1.310889
Rotation: 1.053477
Roll: 0.786675
Yaw: 1.328124
Rotation: 0.996752
Roll: 0.636324
Yaw: 1.195785
Rotation: 0.943752
Roll: 0.784016
Yaw: 1.248335
Rotation: 0.856488
Roll: 0.641593
Yaw: 1.102062
