ets Jul 29 2019 12:21:46

rst:0x1 (POWERON_RESET),boot:0x17 (SPI_FAST_FLASH_BOOT)
configsip: 0, SPIWP:0xee
clk_drv:0x00,q_drv:0x00,d_drv:0x00,cs0_drv:0x00,hd_drv:0x00,wp_drv:0x00
mode:DIO, clock div:2
loï¿½ets Jul 29 2019 12:21:46

rst:0x1 (POWERON_RESET),boot:0x17 (SPI_FAST_FLASH_BOOT)
configsip: 0, SPIWP:0xee
clk_drv:0x00,q_drv:0x00,d_drv:0x00,cs0_drv:0x00,hd_drv:0x00,wp_drv:0x00
mode:DIO, clock div:2
load:0x3fff0030,len:6276
load:0x40078000,len:15716
load:0x40080400,len:4
ho 8 tail 4 room 4
load:0x40080404,len:3852
entry 0x4008063c
[0;32mI (31) boot: ESP-IDF v5.4 2nd stage bootloader[0m
[0;32mI (31) boot: compile time May 27 2025 06:40:27[0m
[0;32mI (31) boot: Multicore bootloader[0m
[0;32mI (32) boot: chip revision: v3.1[0m
[0;32mI (35) boot.esp32: SPI Speed      : 40MHz[0m
[0;32mI (39) boot.esp32: SPI Mode       : DIO[0m
[0;32mI (42) boot.esp32: SPI Flash Size : 4MB[0m
[0;32mI (46) boot: Enabling RNG early entropy source...[0m
[0;32mI (50) boot: Partition Table:[0m
[0;32mI (53) boot: ## Label            Usage          Type ST Offset   Length[0m
[0;32mI (59) boot:  0 nvs              WiFi data        01 02 00009000 00006000[0m
[0;32mI (66) boot:  1 phy_init         RF data          01 01 0000f000 00001000[0m
[0;32mI (72) boot:  2 factory          factory app      00 00 00010000 00100000[0m
[0;32mI (79) boot: End of partition table[0m
[0;32mI (82) esp_image: segment 0: paddr=00010020 vaddr=3f400020 size=0b8b0h ( 47280) map[0m
[0;32mI (106) esp_image: segment 1: paddr=0001b8d8 vaddr=3ff80064 size=0001ch (    28) load[0m
[0;32mI (106) esp_image: segment 2: paddr=0001b8fc vaddr=3ffb0000 size=023c8h (  9160) load[0m
[0;32mI (113) esp_image: segment 3: paddr=0001dccc vaddr=40080000 size=0234ch (  9036) load[0m
[0;32mI (121) esp_image: segment 4: paddr=00020020 vaddr=400d0020 size=18ddch (101852) map[0m
[0;32mI (160) esp_image: segment 5: paddr=00038e04 vaddr=4008234c size=0d980h ( 55680) load[0m
[0;32mI (181) esp_image: segment 6: paddr=0004678c vaddr=400c0000 size=00064h (   100) load[0m
[0;32mI (182) esp_image: segment 7: paddr=000467f8 vaddr=50000000 size=00004h (     4) load[0m
[0;32mI (193) boot: Loaded app from partition at offset 0x10000[0m
[0;32mI (193) boot: Disabling RNG early entropy source...[0m
[0;32mI (207) cpu_start: Multicore app[0m
[0;32mI (215) cpu_start: Pro cpu start user code[0m
[0;32mI (216) cpu_start: cpu freq: 80000000 Hz[0m
[0;32mI (216) app_init: Application information:[0m
[0;32mI (216) app_init: Project name:     ESP32_level[0m
[0;32mI (220) app_init: App version:      1a8018a-dirty[0m
[0;32mI (224) app_init: Compile time:     May 27 2025 06:39:51[0m
[0;32mI (229) app_init: ELF file SHA256:  70ca624ba...[0m
[0;32mI (234) app_init: ESP-IDF:          v5.4[0m
[0;32mI (237) efuse_init: Min chip rev:     v0.0[0m
[0;32mI (241) efuse_init: Max chip rev:     v3.99 [0m
[0;32mI (245) efuse_init: Chip rev:         v3.1[0m
[0;32mI (249) heap_init: Initializing. RAM available for dynamic allocation:[0m
[0;32mI (255) heap_init: At 3FFAE6E0 len 00001920 (6 KiB): DRAM[0m
[0;32mI (260) heap_init: At 3FFB2E48 len 0002D1B8 (180 KiB): DRAM[0m
[0;32mI (266) heap_init: At 3FFE0440 len 00003AE0 (14 KiB): D/IRAM[0m
[0;32mI (271) heap_init: At 3FFE4350 len 0001BCB0 (111 KiB): D/IRAM[0m
[0;32mI (276) heap_init: At 4008FCCC len 00010334 (64 KiB): IRAM[0m
[0;32mI (284) spi_flash: detected chip: generic[0m
[0;32mI (285) spi_flash: flash io: dio[0m
[0;33mW (288) i2c: This driver is an old driver, please migrate your application code to adapt `driver/i2c_master.h`[0m
[0;32mI (299) main_task: Started on CPU0[0m
[0;32mI (309) main_task: Calling app_main()[0m
[0;32mI (309) gpio: GPIO[4]| InputEn: 0| OutputEn: 0| OpenDrain: 0| Pullup: 1| Pulldown: 0| Intr:0 [0m
Debounce timer created successfully
[0;32mI (309) gpio: GPIO[14]| InputEn: 0| OutputEn: 1| OpenDrain: 0| Pullup: 0| Pulldown: 0| Intr:0 [0m
[0;32mI (319) gpio: GPIO[18]| InputEn: 0| OutputEn: 1| OpenDrain: 0| Pullup: 0| Pulldown: 0| Intr:0 [0m
[0;32mI (329) gpio: GPIO[23]| InputEn: 0| OutputEn: 1| OpenDrain: 0| Pullup: 0| Pulldown: 0| Intr:0 [0m
[0;32mI (339) gpio: GPIO[25]| InputEn: 0| OutputEn: 1| OpenDrain: 0| Pullup: 0| Pulldown: 0| Intr:0 [0m
[0;32mI (349) gpio: GPIO[26]| InputEn: 0| OutputEn: 1| OpenDrain: 0| Pullup: 0| Pulldown: 0| Intr:0 [0m
[0;32mI (349) gpio: GPIO[27]| InputEn: 0| OutputEn: 1| OpenDrain: 0| Pullup: 0| Pulldown: 0| Intr:0 [0m
Successful MPU6050 initialization
Semaphore created successfully
Reset reason: 1
Wake count: 0
Entering ActiveTask...
[0;32mI (379) main_task: Returned from app_main()[0m
Pitch: 1.068717
Roll: 0.570450
Entering Sleep...
ets Jul 29 2019 12:21:46

rst:0x5 (DEEPSLEEP_RESET),boot:0x17 (SPI_FAST_FLASH_BOOT)
configsip: 0, SPIWP:0xee
clk_drv:0x00,q_drv:0x00,d_drv:0x00,cs0_drv:0x00,hd_drv:0x00,wp_drv:0x00
mode:DIO, clock div:2
load:0x3fff0030,len:6276
load:0x40078000,len:15716
load:0x40080400,len:4
ho 8 tail 4 room 4
load:0x40080404,len:3852
entry 0x4008063c
[0;32mI (31) boot: ESP-IDF v5.4 2nd stage bootloader[0m
[0;32mI (31) boot: compile time May 27 2025 06:40:27[0m
[0;32mI (31) boot: Multicore bootloader[0m
[0;32mI (32) boot: chip revision: v3.1[0m
[0;32mI (35) boot.esp32: SPI Speed      : 40MHz[0m
[0;32mI (39) boot.esp32: SPI Mode       : DIO[0m
[0;32mI (43) boot.esp32: SPI Flash Size : 4MB[0m
[0;32mI (46) boot: Enabling RNG early entropy source...[0m
[0;32mI (51) boot: Partition Table:[0m
[0;32mI (53) boot: ## Label            Usage          Type ST Offset   Length[0m
[0;32mI (60) boot:  0 nvs              WiFi data        01 02 00009000 00006000[0m
[0;32mI (66) boot:  1 phy_init         RF data          01 01 0000f000 00001000[0m
[0;32mI (73) boot:  2 factory          factory app      00 00 00010000 00100000[0m
[0;32mI (79) boot: End of partition table[0m
[0;32mI (82) esp_image: segment 0: paddr=00010020 vaddr=3f400020 size=0b8b0h ( 47280) map[0m
[0;32mI (106) esp_image: segment 1: paddr=0001b8d8 vaddr=3ff80064 size=0001ch (    28) [0m
[0;32mI (106) esp_image: segment 2: paddr=0001b8fc vaddr=3ffb0000 size=023c8h (  9160) load[0m
[0;32mI (113) esp_image: segment 3: paddr=0001dccc vaddr=40080000 size=0234ch (  9036) load[0m
[0;32mI (121) esp_image: segment 4: paddr=00020020 vaddr=400d0020 size=18ddch (101852) map[0m
[0;32mI (159) esp_image: segment 5: paddr=00038e04 vaddr=4008234c size=0d980h ( 55680) load[0m
[0;32mI (181) esp_image: segment 6: paddr=0004678c vaddr=400c0000 size=00064h (   100) [0m
[0;32mI (182) esp_image: segment 7: paddr=000467f8 vaddr=50000000 size=00004h (     4) [0m
[0;32mI (192) boot: Loaded app from partition at offset 0x10000[0m
[0;32mI (192) boot: Disabling RNG early entropy source...[0m
[0;32mI (206) cpu_start: Multicore app[0m
[0;32mI (215) cpu_start: Pro cpu start user code[0m
[0;32mI (215) cpu_start: cpu freq: 80000000 Hz[0m
[0;32mI (215) app_init: Application information:[0m
[0;32mI (215) app_init: Project name:     ESP32_level[0m
[0;32mI (219) app_init: App version:      1a8018a-dirty[0m
[0;32mI (223) app_init: Compile time:     May 27 2025 06:39:51[0m
[0;32mI (228) app_init: ELF file SHA256:  70ca624ba...[0m
[0;32mI (233) app_init: ESP-IDF:          v5.4[0m
[0;32mI (236) efuse_init: Min chip rev:     v0.0[0m
[0;32mI (240) efuse_init: Max chip rev:     v3.99 [0m
[0;32mI (244) efuse_init: Chip rev:         v3.1[0m
[0;32mI (248) heap_init: Initializing. RAM available for dynamic allocation:[0m
[0;32mI (254) heap_init: At 3FFAE6E0 len 00001920 (6 KiB): DRAM[0m
[0;32mI (259) heap_init: At 3FFB2E48 len 0002D1B8 (180 KiB): DRAM[0m
[0;32mI (265) heap_init: At 3FFE0440 len 00003AE0 (14 KiB): D/IRAM[0m
[0;32mI (270) heap_init: At 3FFE4350 len 0001BCB0 (111 KiB): D/IRAM[0m
[0;32mI (276) heap_init: At 4008FCCC len 00010334 (64 KiB): IRAM[0m
[0;32mI (283) spi_flash: detected chip: generic[0m
[0;32mI (284) spi_flash: flash io: dio[0m
[0;33mW (287) i2c: This driver is an old driver, please migrate your application code to adapt `driver/i2c_master.h`[0m
[0;32mI (298) main_task: Started on CPU0[0m
[0;32mI (308) main_task: Calling app_main()[0m
[0;32mI (308) gpio: GPIO[4]| InputEn: 0| OutputEn: 0| OpenDrain: 0| Pullup: 1| Pulldown: 0| Intr:0 [0m
Debounce timer created successfully
[0;32mI (308) gpio: GPIO[14]| InputEn: 0| OutputEn: 1| OpenDrain: 0| Pullup: 0| Pulldown: 0| Intr:0 [0m
[0;32mI (318) gpio: GPIO[18]| InputEn: 0| OutputEn: 1| OpenDrain: 0| Pullup: 0| Pulldown: 0| Intr:0 [0m
[0;32mI (328) gpio: GPIO[23]| InputEn: 0| OutputEn: 1| OpenDrain: 0| Pullup: 0| Pulldown: 0| Intr:0 [0m
[0;32mI (338) gpio: GPIO[25]| InputEn: 0| OutputEn: 1| OpenDrain: 0| Pullup: 0| Pulldown: 0| Intr:0 [0m
[0;32mI (348) gpio: GPIO[26]| InputEn: 0| OutputEn: 1| OpenDrain: 0| Pullup: 0| Pulldown: 0| Intr:0 [0m
[0;32mI (348) gpio: GPIO[27]| InputEn: 0| OutputEn: 1| OpenDrain: 0| Pullup: 0| Pulldown: 0| Intr:0 [0m
Successful MPU6050 initialization
Semaphore created successfully
Woken up by button press!
Reset reason: 8
Wake count: 1
Entering ActiveTask...
[0;32mI (378) main_task: Returned from app_main()[0m
Pitch: 0.944023
Roll: 0.625414
Entering Sleep...
Entering ActiveTask...
Pitch: 0.992153
Roll: 0.800236
ets Jul 29 2019 12:21:46

rst:0x5 (DEEPSLEEP_RESET),boot:0x17 (SPI_FAST_FLASH_BOOT)
configsip: 0, SPIWP:0xee
clk_drv:0x00,q_drv:0x00,d_drv:0x00,cs0_drv:0x00,hd_drv:0x00,wp_drv:0x00
mode:DIO, clock div:2
load:0x3fff0030,len:6276
load:0x40078000,len:15716
load:0x40080400,len:4
ho 8 tail 4 room 4
load:0x40080404,len:3852
entry 0x4008063c
[0;32mI (31) boot: ESP-IDF v5.4 2nd stage bootloader[0m
[0;32mI (31) boot: compile time May 27 2025 06:40:27[0m
[0;32mI (31) boot: Multicore bootloader[0m
[0;32mI (32) boot: chip revision: v3.1[0m
[0;32mI (35) boot.esp32: SPI Speed      : 40MHz[0m
[0;32mI (39) boot.esp32: SPI Mode       : DIO[0m
[0;32mI (43) boot.esp32: SPI Flash Size : 4MB[0m
[0;32mI (46) boot: Enabling RNG early entropy source...[0m
[0;32mI (51) boot: Partition Table:[0m
[0;32mI (53) boot: ## Label            Usage          Type ST Offset   Length[0m
[0;32mI (60) boot:  0 nvs              WiFi data        01 02 00009000 00006000[0m
[0;32mI (66) boot:  1 phy_init         RF data          01 01 0000f000 00001000[0m
[0;32mI (73) boot:  2 factory          factory app      00 00 00010000 00100000[0m
[0;32mI (79) boot: End of partition table[0m
[0;32mI (82) esp_image: segment 0: paddr=00010020 vaddr=3f400020 size=0b8b0h ( 47280) map[0m
[0;32mI (106) esp_image: segment 1: paddr=0001b8d8 vaddr=3ff80064 size=0001ch (    28) [0m
[0;32mI (106) esp_image: segment 2: paddr=0001b8fc vaddr=3ffb0000 size=023c8h (  9160) load[0m
[0;32mI (113) esp_image: segment 3: paddr=0001dccc vaddr=40080000 size=0234ch (  9036) load[0m
[0;32mI (121) esp_image: segment 4: paddr=00020020 vaddr=400d0020 size=18ddch (101852) map[0m
[0;32mI (159) esp_image: segment 5: paddr=00038e04 vaddr=4008234c size=0d980h ( 55680) load[0m
[0;32mI (181) esp_image: segment 6: paddr=0004678c vaddr=400c0000 size=00064h (   100) [0m
[0;32mI (182) esp_image: segment 7: paddr=000467f8 vaddr=50000000 size=00004h (     4) [0m
[0;32mI (192) boot: Loaded app from partition at offset 0x10000[0m
[0;32mI (192) boot: Disabling RNG early entropy source...[0m
[0;32mI (206) cpu_start: Multicore app[0m
[0;32mI (215) cpu_start: Pro cpu start user code[0m
[0;32mI (215) cpu_start: cpu freq: 80000000 Hz[0m
[0;32mI (215) app_init: Application information:[0m
[0;32mI (215) app_init: Project name:     ESP32_level[0m
[0;32mI (219) app_init: App version:      1a8018a-dirty[0m
[0;32mI (223) app_init: Compile time:     May 27 2025 06:39:51[0m
[0;32mI (228) app_init: ELF file SHA256:  70ca624ba...[0m
[0;32mI (233) app_init: ESP-IDF:          v5.4[0m
[0;32mI (236) efuse_init: Min chip rev:     v0.0[0m
[0;32mI (240) efuse_init: Max chip rev:     v3.99 [0m
[0;32mI (244) efuse_init: Chip rev:         v3.1[0m
[0;32mI (248) heap_init: Initializing. RAM available for dynamic allocation:[0m
[0;32mI (254) heap_init: At 3FFAE6E0 len 00001920 (6 KiB): DRAM[0m
[0;32mI (259) heap_init: At 3FFB2E48 len 0002D1B8 (180 KiB): DRAM[0m
[0;32mI (265) heap_init: At 3FFE0440 len 00003AE0 (14 KiB): D/IRAM[0m
[0;32mI (270) heap_init: At 3FFE4350 len 0001BCB0 (111 KiB): D/IRAM[0m
[0;32mI (276) heap_init: At 4008FCCC len 00010334 (64 KiB): IRAM[0m
[0;32mI (283) spi_flash: detected chip: generic[0m
[0;32mI (284) spi_flash: flash io: dio[0m
[0;33mW (287) i2c: This driver is an old driver, please migrate your application code to adapt `driver/i2c_master.h`[0m
[0;32mI (298) main_task: Started on CPU0[0m
[0;32mI (308) main_task: Calling app_main()[0m
[0;32mI (308) gpio: GPIO[4]| InputEn: 0| OutputEn: 0| OpenDrain: 0| Pullup: 1| Pulldown: 0| Intr:0 [0m
Debounce timer created successfully
[0;32mI (308) gpio: GPIO[14]| InputEn: 0| OutputEn: 1| OpenDrain: 0| Pullup: 0| Pulldown: 0| Intr:0 [0m
[0;32mI (318) gpio: GPIO[18]| InputEn: 0| OutputEn: 1| OpenDrain: 0| Pullup: 0| Pulldown: 0| Intr:0 [0m
[0;32mI (328) gpio: GPIO[23]| InputEn: 0| OutputEn: 1| OpenDrain: 0| Pullup: 0| Pulldown: 0| Intr:0 [0m
[0;32mI (338) gpio: GPIO[25]| InputEn: 0| OutputEn: 1| OpenDrain: 0| Pullup: 0| Pulldown: 0| Intr:0 [0m
[0;32mI (348) gpio: GPIO[26]| InputEn: 0| OutputEn: 1| OpenDrain: 0| Pullup: 0| Pulldown: 0| Intr:0 [0m
[0;32mI (348) gpio: GPIO[27]| InputEn: 0| OutputEn: 1| OpenDrain: 0| Pullup: 0| Pulldown: 0| Intr:0 [0m
Successful MPU6050 initialization
Semaphore created successfully
Woken up by button press!
Reset reason: 8
Wake count: 2
Entering ActiveTask...
[0;32mI (378) main_task: Returned from app_main()[0m
Pitch: 0.943998
Roll: 0.714558
Entering Sleep...
