PI_FAST_FLASH_BOOT)
configsip: 0, SPIWP:0xee
clk_drv:0x00,q_drv:0x00,d_drv:0x00,cs0_drv:0x00,hd_drv:0x00,wp_drv:0x00
mode:DIO, clock div:2
load:0x3fff0030,len:6276
load:0x400ï¿½ets Jul 29 2019 12:21:46

rst:0x1 (POWERON_RESET),boot:0x17 (SPI_FAST_FLASH_BOOT)
configsip: 0, SPIWP:0xee
clk_drv:0x00,q_drv:0x00,d_drv:0x00,cs0_drv:0x00,hd_drv:0x00,wp_drv:0x00
mode:DIO, clock div:2
load:0x3fff0030,len:6276
load:0x40078000,len:15716
load:0x40080400,len:4
ho 8 tail 4 room 4
load:0x40080404,len:3852
entry 0x4008063c
[0;32mI (31) boot: ESP-IDF v5.4 2nd stage bootloader[0m
[0;32mI (31) boot: compile time May 27 2025 06:40:27[0m
[0;32mI (31) boot: Multicore bootloader[0m
[0;32mI (32) boot: chip revision: v3.1[0m
[0;32mI (35) boot.esp32: SPI Speed      : 40MHz[0m
[0;32mI (39) boot.esp32: SPI Mode       : DIO[0m
[0;32mI (42) boot.esp32: SPI Flash Size : 4MB[0m
[0;32mI (46) boot: Enabling RNG early entropy source...[0m
[0;32mI (50) boot: Partition Table:[0m
[0;32mI (53) boot: ## Label            Usage          Type ST Offset   Length[0m
[0;32mI (59) boot:  0 nvs              WiFi data        01 02 00009000 00006000[0m
[0;32mI (66) boot:  1 phy_init         RF data          01 01 0000f000 00001000[0m
[0;32mI (72) boot:  2 factory          factory app      00 00 00010000 00100000[0m
[0;32mI (79) boot: End of partition table[0m
[0;32mI (82) esp_image: segment 0: paddr=00010020 vaddr=3f400020 size=0b3f0h ( 46064) map[0m
[0;32mI (105) esp_image: segment 1: paddr=0001b418 vaddr=3ff80000 size=0001ch (    28) load[0m
[0;32mI (106) esp_image: segment 2: paddr=0001b43c vaddr=3ffb0000 size=023bch (  9148) load[0m
[0;32mI (113) esp_image: segment 3: paddr=0001d800 vaddr=40080000 size=02818h ( 10264) load[0m
[0;32mI (121) esp_image: segment 4: paddr=00020020 vaddr=400d0020 size=184a8h ( 99496) map[0m
[0;32mI (158) esp_image: segment 5: paddr=000384d0 vaddr=40082818 size=0c2c0h ( 49856) load[0m
[0;32mI (178) esp_image: segment 6: paddr=00044798 vaddr=50000000 size=00004h (     4) load[0m
[0;32mI (185) boot: Loaded app from partition at offset 0x10000[0m
[0;32mI (185) boot: Disabling RNG early entropy source...[0m
[0;32mI (196) cpu_start: Multicore app[0m
[0;32mI (204) cpu_start: Pro cpu start user code[0m
[0;32mI (204) cpu_start: cpu freq: 80000000 Hz[0m
[0;32mI (205) app_init: Application information:[0m
[0;32mI (205) app_init: Project name:     ESP32_level[0m
[0;32mI (209) app_init: App version:      eddc2a2-dirty[0m
[0;32mI (213) app_init: Compile time:     May 28 2025 14:39:26[0m
[0;32mI (218) app_init: ELF file SHA256:  046654bac...[0m
[0;32mI (223) app_init: ESP-IDF:          v5.4[0m
[0;32mI (226) efuse_init: Min chip rev:     v0.0[0m
[0;32mI (230) efuse_init: Max chip rev:     v3.99 [0m
[0;32mI (234) efuse_init: Chip rev:         v3.1[0m
[0;32mI (238) heap_init: Initializing. RAM available for dynamic allocation:[0m
[0;32mI (244) heap_init: At 3FFAE6E0 len 00001920 (6 KiB): DRAM[0m
[0;32mI (249) heap_init: At 3FFB2E20 len 0002D1E0 (180 KiB): DRAM[0m
[0;32mI (254) heap_init: At 3FFE0440 len 00003AE0 (14 KiB): D/IRAM[0m
[0;32mI (260) heap_init: At 3FFE4350 len 0001BCB0 (111 KiB): D/IRAM[0m
[0;32mI (265) heap_init: At 4008EAD8 len 00011528 (69 KiB): IRAM[0m
[0;32mI (273) spi_flash: detected chip: generic[0m
[0;32mI (274) spi_flash: flash io: dio[0m
[0;33mW (277) i2c: This driver is an old driver, please migrate your application code to adapt `driver/i2c_master.h`[0m
[0;32mI (288) main_task: Started on CPU0[0m
[0;32mI (298) main_task: Calling app_main()[0m
[0;32mI (298) gpio: GPIO[4]| InputEn: 0| OutputEn: 0| OpenDrain: 0| Pullup: 1| Pulldown: 0| Intr:0 [0m
Debounce timer created successfully
[0;32mI (298) gpio: GPIO[14]| InputEn: 0| OutputEn: 1| OpenDrain: 0| Pullup: 0| Pulldown: 0| Intr:0 [0m
[0;32mI (308) gpio: GPIO[18]| InputEn: 0| OutputEn: 1| OpenDrain: 0| Pullup: 0| Pulldown: 0| Intr:0 [0m
[0;32mI (318) gpio: GPIO[23]| InputEn: 0| OutputEn: 1| OpenDrain: 0| Pullup: 0| Pulldown: 0| Intr:0 [0m
[0;32mI (328) gpio: GPIO[25]| InputEn: 0| OutputEn: 1| OpenDrain: 0| Pullup: 0| Pulldown: 0| Intr:0 [0m
[0;32mI (338) gpio: GPIO[26]| InputEn: 0| OutputEn: 1| OpenDrain: 0| Pullup: 0| Pulldown: 0| Intr:0 [0m
[0;32mI (338) gpio: GPIO[27]| InputEn: 0| OutputEn: 1| OpenDrain: 0| Pullup: 0| Pulldown: 0| Intr:0 [0m
Successful MPU6050 initialization
Semaphore created successfully
Reset reason: 1
Wake count: 0
Entering ActiveTask...
[0;32mI (368) main_task: Returned from app_main()[0m
Pitch: 0.876764
Roll: 0.483884
Entering ActiveTask...
Pitch: 1.108703
Roll: 0.701261
Entering ActiveTask...
Pitch: 0.794169
Roll: 0.819751
Entering ActiveTask...
Pitch: 1.055613
Roll: 0.691801
Entering ActiveTask...
Pitch: 0.955741
Roll: 0.814138
Entering ActiveTask...
Pitch: 0.782322
Roll: 0.563552
