0x1 (POWERON_RESET),boot:0x17 (SPI_FAST_FLASH_BOOT)
configsip: 0, SPIWP:0xee
clk_drv:0x00,q_drv:0x00,d_drv:0x00,cs0_drv:0x00,hd_drv:0x00,wp_drv:0x00
mode:DIO, clock div:2
load:0x3fff0030,len:6276
load:0x400ï¿½ets Jul 29 2019 12:21:46

rst:0x1 (POWERON_RESET),boot:0x17 (SPI_FAST_FLASH_BOOT)
configsip: 0, SPIWP:0xee
clk_drv:0x00,q_drv:0x00,d_drv:0x00,cs0_drv:0x00,hd_drv:0x00,wp_drv:0x00
mode:DIO, clock div:2
load:0x3fff0030,len:6276
load:0x40078000,len:15716
load:0x40080400,len:4
ho 8 tail 4 room 4
load:0x40080404,len:3852
entry 0x4008063c
[0;32mI (31) boot: ESP-IDF v5.4 2nd stage bootloader[0m
[0;32mI (31) boot: compile time May 26 2025 23:36:22[0m
[0;32mI (31) boot: Multicore bootloader[0m
[0;32mI (32) boot: chip revision: v3.1[0m
[0;32mI (35) boot.esp32: SPI Speed      : 40MHz[0m
[0;32mI (39) boot.esp32: SPI Mode       : DIO[0m
[0;32mI (42) boot.esp32: SPI Flash Size : 4MB[0m
[0;32mI (46) boot: Enabling RNG early entropy source...[0m
[0;32mI (50) boot: Partition Table:[0m
[0;32mI (53) boot: ## Label            Usage          Type ST Offset   Length[0m
[0;32mI (59) boot:  0 nvs              WiFi data        01 02 00009000 00006000[0m
[0;32mI (66) boot:  1 phy_init         RF data          01 01 0000f000 00001000[0m
[0;32mI (72) boot:  2 factory          factory app      00 00 00010000 00100000[0m
[0;32mI (79) boot: End of partition table[0m
[0;32mI (82) esp_image: segment 0: paddr=00010020 vaddr=3f400020 size=0b8f0h ( 47344) map[0m
[0;32mI (106) esp_image: segment 1: paddr=0001b918 vaddr=3ff80000 size=0001ch (    28) load[0m
[0;32mI (106) esp_image: segment 2: paddr=0001b93c vaddr=3ffb0000 size=023ach (  9132) load[0m
[0;32mI (113) esp_image: segment 3: paddr=0001dcf0 vaddr=40080000 size=02328h (  9000) load[0m
[0;32mI (121) esp_image: segment 4: paddr=00020020 vaddr=400d0020 size=16d3ch ( 93500) map[0m
[0;32mI (157) esp_image: segment 5: paddr=00036d64 vaddr=40082328 size=0c194h ( 49556) load[0m
[0;32mI (183) boot: Loaded app from partition at offset 0x10000[0m
[0;32mI (183) boot: Disabling RNG early entropy source...[0m
[0;32mI (194) cpu_start: Multicore app[0m
[0;32mI (202) cpu_start: Pro cpu start user code[0m
[0;32mI (202) cpu_start: cpu freq: 80000000 Hz[0m
[0;32mI (202) app_init: Application information:[0m
[0;32mI (202) app_init: Project name:     ESP32_level[0m
[0;32mI (206) app_init: App version:      1[0m
[0;32mI (210) app_init: Compile time:     May 26 2025 23:21:11[0m
[0;32mI (215) app_init: ELF file SHA256:  f7742b1af...[0m
[0;32mI (219) app_init: ESP-IDF:          v5.4[0m
[0;32mI (223) efuse_init: Min chip rev:     v0.0[0m
[0;32mI (226) efuse_init: Max chip rev:     v3.99 [0m
[0;32mI (230) efuse_init: Chip rev:         v3.1[0m
[0;32mI (235) heap_init: Initializing. RAM available for dynamic allocation:[0m
[0;32mI (241) heap_init: At 3FFAE6E0 len 00001920 (6 KiB): DRAM[0m
[0;32mI (246) heap_init: At 3FFB2DD8 len 0002D228 (180 KiB): DRAM[0m
[0;32mI (251) heap_init: At 3FFE0440 len 00003AE0 (14 KiB): D/IRAM[0m
[0;32mI (256) heap_init: At 3FFE4350 len 0001BCB0 (111 KiB): D/IRAM[0m
[0;32mI (262) heap_init: At 4008E4BC len 00011B44 (70 KiB): IRAM[0m
[0;32mI (269) spi_flash: detected chip: generic[0m
[0;32mI (271) spi_flash: flash io: dio[0m
[1;31mE (274) i2c: CONFLICT! driver_ng is not allowed to be used with this old driver[0m

abort() was called at PC 0x400d9cb0 on core 0


Backtrace: 0x4008199d:0x3ffe3b30 0x400867c9:0x3ffe3b50 0x4008cd81:0x3ffe3b70 0x400d9cb0:0x3ffe3be0 0x400d1d4b:0x3ffe3c00 0x400d1e32:0x3ffe3c20 0x40081436:0x3ffe3c40 0x4007971a:0x3ffe3c90 |<-CORRUPTED




ELF file SHA256: f7742b1af

Rebooting...
ets Jul 29 2019 12:21:46

rst:0xc (SW_CPU_RESET),boot:0x17 (SPI_FAST_FLASH_BOOT)
configsip: 0, SPIWP:0xee
clk_drv:0x00,q_drv:0x00,d_drv:0x00,cs0_drv:0x00,hd_drv:0x00,wp_drv:0x00
mode:DIO, clock div:2
load:0x3fff0030,len:6276
load:0x40078000,len:15716
load:0x40080400,len:4
ho 8 tail 4 room 4
load:0x40080404,len:3852
entry 0x4008063c
[0;32mI (31) boot: ESP-IDF v5.4 2nd stage bootloader[0m
[0;32mI (31) boot: compile time May 26 2025 23:36:22[0m
[0;32mI (31) boot: Multicore bootloader[0m
[0;32mI (32) boot: chip revision: v3.1[0m
[0;32mI (35) boot.esp32: SPI Speed      : 40MHz[0m
[0;32mI (39) boot.esp32: SPI Mode       : DIO[0m
[0;32mI (42) boot.esp32: SPI Flash Size : 4MB[0m
[0;32mI (46) boot: Enabling RNG early entropy source...[0m
[0;32mI (50) boot: Partition Table:[0m
[0;32mI (53) boot: ## Label            Usage          Type ST Offset   Length[0m
[0;32mI (59) boot:  0 nvs              WiFi data        01 02 00009000 00006000[0m
[0;32mI (66) boot:  1 phy_init         RF data          01 01 0000f000 00001000[0m
[0;32mI (72) boot:  2 factory          factory app      00 00 00010000 00100000[0m
[0;32mI (79) boot: End of partition table[0m
[0;32mI (82) esp_image: segment 0: paddr=00010020 vaddr=3f400020 size=0b8f0h ( 47344) map[0m
[0;32mI (106) esp_image: segment 1: paddr=0001b918 vaddr=3ff80000 size=0001ch (    28) load[0m
[0;32mI (106) esp_image: segment 2: paddr=0001b93c vaddr=3ffb0000 size=023ach (  9132) load[0m
[0;32mI (113) esp_image: segment 3: paddr=0001dcf0 vaddr=40080000 size=02328h (  9000) load[0m
[0;32mI (121) esp_image: segment 4: paddr=00020020 vaddr=400d0020 size=16d3ch ( 93500) map[0m
[0;32mI (157) esp_image: segment 5: paddr=00036d64 vaddr=40082328 size=0c194h ( 49556) load[0m
[0;32mI (183) boot: Loaded app from partition at offset 0x10000[0m
[0;32mI (183) boot: Disabling RNG early entropy source...[0m
[0;32mI (194) cpu_start: Multicore app[0m
[0;32mI (202) cpu_start: Pro cpu start user code[0m
[0;32mI (202) cpu_start: cpu freq: 80000000 Hz[0m
[0;32mI (202) app_init: Application information:[0m
[0;32mI (202) app_init: Project name:     ESP32_level[0m
[0;32mI (206) app_init: App version:      1[0m
[0;32mI (210) app_init: Compile time:     May 26 2025 23:21:11[0m
[0;32mI (215) app_init: ELF file SHA256:  f7742b1af...[0m
[0;32mI (219) app_init: ESP-IDF:          v5.4[0m
[0;32mI (223) efuse_init: Min chip rev:     v0.0[0m
[0;32mI (226) efuse_init: Max chip rev:     v3.99 [0m
[0;32mI (230) efuse_init: Chip rev:         v3.1[0m
[0;32mI (235) heap_init: Initializing. RAM available for dynamic allocation:[0m
[0;32mI (241) heap_init: At 3FFAE6E0 len 00001920 (6 KiB): DRAM[0m
[0;32mI (246) heap_init: At 3FFB2DD8 len 0002D228 (180 KiB): DRAM[0m
[0;32mI (251) heap_init: At 3FFE0440 len 00003AE0 (14 KiB): D/IRAM[0m
[0;32mI (256) heap_init: At 3FFE4350 len 0001BCB0 (111 KiB): D/IRAM[0m
[0;32mI (262) heap_init: At 4008E4BC len 00011B44 (70 KiB): IRAM[0m
[0;32mI (269) spi_flash: detected chip: generic[0m
[0;32mI (271) spi_flash: flash io: dio[0m
[1;31mE (274) i2c: CONFLICT! driver_ng is not allowed to be used with this old driver[0m

abort() was called at PC 0x400d9cb0 on core 0


Backtrace: 0x4008199d:0x3ffe3b30 0x400867c9:0x3ffe3b50 0x4008cd81:0x3ffe3b70 0x400d9cb0:0x3ffe3be0 0x400d1d4b:0x3ffe3c00 0x400d1e32:0x3ffe3c20 0x40081436:0x3ffe3c40 0x4007971a:0x3ffe3c90 |<-CORRUPTED




ELF file SHA256: f7742b1af

Rebooting...
ets Jul 29 2019 12:21:46

rst:0xc (SW_CPU_RESET),boot:0x17 (SPI_FAST_FLASH_BOOT)
configsip: 0, SPIWP:0xee
clk_drv:0x00,q_drv:0x00,d_drv:0x00,cs0_drv:0x00,hd_drv:0x00,wp_drv:0x00
mode:DIO, clock div:2
load:0x3fff0030,len:6276
load:0x40078000,len:15716
load:0x40080400,len:4
ho 8 tail 4 room 4
load:0x40080404,len:3852
entry 0x4008063c
[0;32mI (31) boot: ESP-IDF v5.4 2nd stage bootloader[0m
[0;32mI (31) boot: compile time May 26 2025 23:36:22[0m
[0;32mI (31) boot: Multicore bootloader[0m
[0;32mI (32) boot: chip revision: v3.1[0m
[0;32mI (35) boot.esp32: SPI Speed      : 40MHz[0m
[0;32mI (39) boot.esp32: SPI Mode       : DIO[0m
[0;32mI (42) boot.esp32: SPI Flash Size : 4MB[0m
[0;32mI (46) boot: Enabling RNG early entropy source...[0m
[0;32mI (50) boot: Partition Table:[0m
[0;32mI (53) boot: ## Label            Usage          Type ST Offset   Length[0m
[0;32mI (59) boot:  0 nvs              WiFi data        01 02 00009000 00006000[0m
[0;32mI (66) boot:  1 phy_init         RF data          01 01 0000f000 00001000[0m
[0;32mI (72) boot:  2 factory          factory app      00 00 00010000 00100000[0m
[0;32mI (79) boot: End of partition table[0m
[0;32mI (82) esp_image: segment 0: paddr=00010020 vaddr=3f400020 size=0b8f0h ( 47344) map[0m
[0;32mI (106) esp_image: segment 1: paddr=0001b918 vaddr=3ff80000 size=0001ch (    28) load[0m
[0;32mI (106) esp_image: segment 2: paddr=0001b93c vaddr=3ffb0000 size=023ach (  9132) load[0m
[0;32mI (113) esp_image: segment 3: paddr=0001dcf0 vaddr=40080000 size=02328h (  9000) load[0m
[0;32mI (121) esp_image: segment 4: paddr=00020020 vaddr=400d0020 size=16d3ch ( 93500) map[0m
[0;32mI (157) esp_image: segment 5: paddr=00036d64 vaddr=40082328 size=0c194h ( 49556) load[0m
[0;32mI (183) boot: Loaded app from partition at offset 0x10000[0m
[0;32mI (183) boot: Disabling RNG early entropy source...[0m
[0;32mI (194) cpu_start: Multicore app[0m
[0;32mI (202) cpu_start: Pro cpu start user code[0m
[0;32mI (202) cpu_start: cpu freq: 80000000 Hz[0m
[0;32mI (202) app_init: Application information:[0m
[0;32mI (202) app_init: Project name:     ESP32_level[0m
[0;32mI (206) app_init: App version:      1[0m
[0;32mI (210) app_init: Compile time:     May 26 2025 23:21:11[0m
[0;32mI (215) app_init: ELF file SHA256:  f7742b1af...[0m
[0;32mI (219) app_init: ESP-IDF:          v5.4[0m
[0;32mI (223) efuse_init: Min chip rev:     v0.0[0m
[0;32mI (226) efuse_init: Max chip rev:     v3.99 [0m
[0;32mI (230) efuse_init: Chip rev:         v3.1[0m
[0;32mI (235) heap_init: Initializing. RAM available for dynamic allocation:[0m
[0;32mI (241) heap_init: At 3FFAE6E0 len 00001920 (6 KiB): DRAM[0m
[0;32mI (246) heap_init: At 3FFB2DD8 len 0002D228 (180 KiB): DRAM[0m
[0;32mI (251) heap_init: At 3FFE0440 len 00003AE0 (14 KiB): D/IRAM[0m
[0;32mI (256) heap_init: At 3FFE4350 len 0001BCB0 (111 KiB): D/IRAM[0m
[0;32mI (262) heap_init: At 4008E4BC len 00011B44 (70 KiB): IRAM[0m
[0;32mI (269) spi_flash: detected chip: generic[0m
[0;32mI (271) spi_flash: flash io: dio[0m
[1;31mE (274) i2c: CONFLICT! driver_ng is not allowed to be used with this old driver[0m

abort() was called at PC 0x400d9cb0 on core 0


Backtrace: 0x4008199d:0x3ffe3b30 0x400867c9:0x3ffe3b50 0x4008cd81:0x3ffe3b70 0x400d9cb0:0x3ffe3be0 0x400d1d4b:0x3ffe3c00 0x400d1e32:0x3ffe3c20 0x40081436:0x3ffe3c40 0x4007971a:0x3ffe3c90 |<-CORRUPTED




ELF file SHA256: f7742b1af

Rebooting...
ets Jul 29 2019 12:21:46

rst:0xc (SW_CPU_RESET),boot:0x17 (SPI_FAST_FLASH_BOOT)
configsip: 0, SPIWP:0xee
clk_drv:0x00,q_drv:0x00,d_drv:0x00,cs0_drv:0x00,hd_drv:0x00,wp_drv:0x00
mode:DIO, clock div:2
load:0x3fff0030,len:6276
load:0x40078000,len:15716
load:0x40080400,len:4
ho 8 tail 4 room 4
load:0x40080404,len:3852
entry 0x4008063c
[0;32mI (31) boot: ESP-IDF v5.4 2nd stage bootloader[0m
[0;32mI (31) boot: compile time May 26 2025 23:36:22[0m
[0;32mI (31) boot: Multicore bootloader[0m
[0;32mI (32) boot: chip revision: v3.1[0m
[0;32mI (35) boot.esp32: SPI Speed      : 40MHz[0m
[0;32mI (39) boot.esp32: SPI Mode       : DIO[0m
[0;32mI (42) boot.esp32: SPI Flash Size : 4MB[0m
[0;32mI (46) boot: Enabling RNG early entropy source...[0m
[0;32mI (50) boot: Partition Table:[0m
[0;32mI (53) boot: ## Label            Usage          Type ST Offset   Length[0m
[0;32mI (59) boot:  0 nvs              WiFi data        01 02 00009000 00006000[0m
[0;32mI (66) boot:  1 phy_init         RF data          01 01 0000f000 00001000[0m
[0;32mI (72) boot:  2 factory          factory app      00 00 00010000 00100000[0m
[0;32mI (79) boot: End of partition table[0m
[0;32mI (82) esp_image: segment 0: paddr=00010020 vaddr=3f400020 size=0b8f0h ( 47344) map[0m
[0;32mI (106) esp_image: segment 1: paddr=0001b918 vaddr=3ff80000 size=0001ch (    28) load[0m
[0;32mI (106) esp_image: segment 2: paddr=0001b93c vaddr=3ffb0000 size=023ach (  9132) load[0m
[0;32mI (113) esp_image: segment 3: paddr=0001dcf0 vaddr=40080000 size=02328h (  9000) load[0m
[0;32mI (121) esp_image: segment 4: paddr=00020020 vaddr=400d0020 size=16d3ch ( 93500) map[0m
[0;32mI (157) esp_image: segment 5: paddr=00036d64 vaddr=40082328 size=0c194h ( 49556) load[0m
[0;32mI (183) boot: Loaded app from partition at offset 0x10000[0m
[0;32mI (183) boot: Disabling RNG early entropy source...[0m
[0;32mI (194) cpu_start: Multicore app[0m
[0;32mI (202) cpu_start: Pro cpu start user code[0m
[0;32mI (202) cpu_start: cpu freq: 80000000 Hz[0m
[0;32mI (202) app_init: Application information:[0m
[0;32mI (202) app_init: Project name:     ESP32_level[0m
[0;32mI (206) app_init: App version:      1[0m
[0;32mI (210) app_init: Compile time:     May 26 2025 23:21:11[0m
[0;32mI (215) app_init: ELF file SHA256:  f7742b1af...[0m
[0;32mI (219) app_init: ESP-IDF:          v5.4[0m
[0;32mI (223) efuse_init: Min chip rev:     v0.0[0m
[0;32mI (226) efuse_init: Max chip rev:     v3.99 [0m
[0;32mI (230) efuse_init: Chip rev:         v3.1[0m
[0;32mI (235) heap_init: Initializing. RAM available for dynamic allocation:[0m
[0;32mI (241) heap_init: At 3FFAE6E0 len 00001920 (6 KiB): DRAM[0m
[0;32mI (246) heap_init: At 3FFB2DD8 len 0002D228 (180 KiB): DRAM[0m
[0;32mI (251) heap_init: At 3FFE0440 len 00003AE0 (14 KiB): D/IRAM[0m
[0;32mI (256) heap_init: At 3FFE4350 len 0001BCB0 (111 KiB): D/IRAM[0m
[0;32mI (262) heap_init: At 4008E4BC len 00011B44 (70 KiB): IRAM[0m
[0;32mI (269) spi_flash: detected chip: generic[0m
[0;32mI (271) spi_flash: flash io: dio[0m
[1;31mE (274) i2c: CONFLICT! driver_ng is not allowed to be used with this old driver[0m

abort() was called at PC 0x400d9cb0 on core 0


Backtrace: 0x4008199d:0x3ffe3b30 0x400867c9:0x3ffe3b50 0x4008cd81:0x3ffe3b70 0x400d9cb0:0x3ffe3be0 0x400d1d4b:0x3ffe3c00 0x400d1e32:0x3ffe3c20 0x40081436:0x3ffe3c40 0x4007971a:0x3ffe3c90 |<-CORRUPTED




ELF file SHA256: f7742b1af

Rebooting...
ets Jul 29 2019 12:21:46

rst:0xc (SW_CPU_RESET),boot:0x17 (SPI_FAST_FLASH_BOOT)
configsip: 0, SPIWP:0xee
clk_drv:0x00,q_drv:0x00,d_drv:0x00,cs0_drv:0x00,hd_drv:0x00,wp_drv:0x00
mode:DIO, clock div:2
load:0x3fff0030,len:6276
load:0x40078000,len:15716
load:0x40080400,len:4
ho 8 tail 4 room 4
load:0x40080404,len:3852
entry 0x4008063c
[0;32mI (31) boot: ESP-IDF v5.4 2nd stage bootloader[0m
[0;32mI (31) boot: compile time May 26 2025 23:36:22[0m
[0;32mI (31) boot: Multicore bootloader[0m
[0;32mI (32) boot: chip revision: v3.1[0m
[0;32mI (35) boot.esp32: SPI Speed      : 40MHz[0m
[0;32mI (39) boot.esp32: SPI Mode       : DIO[0m
[0;32mI (42) boot.esp32: SPI Flash Size : 4MB[0m
[0;32mI (46) boot: Enabling RNG early entropy source...[0m
[0;32mI (50) boot: Partition Table:[0m
[0;32mI (53) boot: ## Label            Usage          Type ST Offset   Length[0m
[0;32mI (59) boot:  0 nvs              WiFi data        01 02 00009000 00006000[0m
[0;32mI (66) boot:  1 phy_init         RF data          01 01 0000f000 00001000[0m
[0;32mI (72) boot:  2 factory          factory app      00 00 00010000 00100000[0m
[0;32mI (79) boot: End of partition table[0m
[0;32mI (82) esp_image: segment 0: paddr=00010020 vaddr=3f400020 size=0b8f0h ( 47344) map[0m
[0;32mI (106) esp_image: segment 1: paddr=0001b918 vaddr=3ff80000 size=0001ch (    28) load[0m
[0;32mI (106) esp_image: segment 2: paddr=0001b93c vaddr=3ffb0000 size=023ach (  9132) load[0m
[0;32mI (113) esp_image: segment 3: paddr=0001dcf0 vaddr=40080000 size=02328h (  9000) load[0m
[0;32mI (121) esp_image: segment 4: paddr=00020020 vaddr=400d0020 size=16d3ch ( 93500) map[0m
[0;32mI (157) esp_image: segment 5: paddr=00036d64 vaddr=40082328 size=0c194h ( 49556) load[0m
[0;32mI (183) boot: Loaded app from partition at offset 0x10000[0m
[0;32mI (183) boot: Disabling RNG early entropy source...[0m
[0;32mI (194) cpu_start: Multicore app[0m
[0;32mI (202) cpu_start: Pro cpu start user code[0m
[0;32mI (202) cpu_start: cpu freq: 80000000 Hz[0m
[0;32mI (202) app_init: Application information:[0m
[0;32mI (202) app_init: Project name:     ESP32_level[0m
[0;32mI (206) app_init: App version:      1[0m
[0;32mI (210) app_init: Compile time:     May 26 2025 23:21:11[0m
[0;32mI (215) app_init: ELF file SHA256:  f7742b1af...[0m
[0;32mI (219) app_init: ESP-IDF:          v5.4[0m
[0;32mI (223) efuse_init: Min chip rev:     v0.0[0m
[0;32mI (226) efuse_init: Max chip rev:     v3.99 [0m
[0;32mI (230) efuse_init: Chip rev:         v3.1[0m
[0;32mI (235) heap_init: Initializing. RAM available for dynamic allocation:[0m
[0;32mI (241) heap_init: At 3FFAE6E0 len 00001920 (6 KiB): DRAM[0m
[0;32mI (246) heap_init: At 3FFB2DD8 len 0002D228 (180 KiB): DRAM[0m
[0;32mI (251) heap_init: At 3FFE0440 len 00003AE0 (14 KiB): D/IRAM[0m
[0;32mI (256) heap_init: At 3FFE4350 len 0001BCB0 (111 KiB): D/IRAM[0m
[0;32mI (262) heap_init: At 4008E4BC len 00011B44 (70 KiB): IRAM[0m
[0;32mI (269) spi_flash: detected chip: generic[0m
[0;32mI (271) spi_flash: flash io: dio[0m
[1;31mE (274) i2c: CONFLICT! driver_ng is not allowed to be used with this old driver[0m

abort() was called at PC 0x400d9cb0 on core 0


Backtrace: 0x4008199d:0x3ffe3b30 0x400867c9:0x3ffe3b50 0x4008cd81:0x3ffe3b70 0x400d9cb0:0x3ffe
3be0 0x400d1d4b:0x3ffe3c00 0x400
d1e32:0x3ffe3c20 0x40081436:0x3f
fe3c40 0x4007971a:0x3ffe3c90 |<-CORRUPTED




ELF file SHA256: f7742b1af

Rebooting...
ets Jul 29 2019 12:21:46

rst:0xc (SW_CPU_RESET),boot:0x17 (SPI_FAST_FLASH_BOOT)
configsip: 0, SPIWP:0xee
clk_drv:0x00,q_drv:0x00,d_drv:0x00,cs0_drv:0x00,hd_drv:0x00,wp_drv:0x00
mode:DIO, clock div:2
load:0x3fff0030,len:6276
load:0x40078000,len:15716
load:0x40080400,len:4
ho 8 tail 4 room 4
load:0x40080404,len:3852
entry 0x4008063c
[0;32mI (31) boot: ESP-IDF v5.4 2nd stage bootloader[0m
[0;32mI (31) boot: compile time May 26 2025 23:36:22[0m
[0;32mI (31) boot: Multicore bootloader[0m
[0;32mI (32) boot: chip revision: v3.1[0m
[0;32mI (35) boot.esp32: SPI Speed      : 40MHz[0m
[0;32mI (39) boot.esp32: SPI Mode       : DIO[0m
[0;32mI (42) boot.esp32: SPI Flash Size : 4MB[0m
[0;32mI (46) boot: Enabling RNG early entropy source...[0m
[0;32mI (50) boot: Partition Table:[0m
[0;32mI (53) boot: ## Label            Usage          Type ST Offset   Length[0m
[0;32mI (59) boot:  0 nvs              WiFi data        01 02 00009000 00006000[0m
[0;32mI (66) boot:  1 phy_init         RF data          01 01 0000f000 00001000[0m
[0;32mI (72) boot:  2 factory          factory app      00 00 00010000 00100000[0m
[0;32mI (79) boot: End of partition table[0m
[0;32mI (82) esp_image: segment 0: paddr=00010020 vaddr=3f400020 size=0b8f0h ( 47344) map[0m
[0;32mI (106) esp_image: segment 1: paddr=0001b918 vaddr=3ff80000 size=0001ch (    28) load[0m
[0;32mI (106) esp_image: segment 2: paddr=0001b93c vaddr=3ffb0000 size=023ach (  9132) load[0m
[0;32mI (113) esp_image: segment 3: paddr=0001dcf0 vaddr=40080000 size=02328h (  9000) load[0m
[0;32mI (121) esp_image: segment 4: paddr=00020020 vaddr=400d0020 size=16d3ch ( 93500) map[0m
[0;32mI (157) esp_image: segment 5: paddr=00036d64 vaddr=40082328 size=0c194h ( 49556) load[0m
[0;32mI (183) boot: Loaded app from partition at offset 0x10000[0m
[0;32mI (183) boot: Disabling RNG early entropy source...[0m
[0;32mI (194) cpu_start: Multicore app[0m
[0;32mI (202) cpu_start: Pro cpu start user code[0m
[0;32mI (202) cpu_start: cpu freq: 80000000 Hz[0m
[0;32mI (202) app_init: Application information:[0m
[0;32mI (202) app_init: Project name:     ESP32_level[0m
[0;32mI (206) app_init: App version:      1[0m
[0;32mI (210) app_init: Compile time:     May 26 2025 23:21:11[0m
[0;32mI (215) app_init: ELF file SHA256:  f7742b1af...[0m
[0;32mI (219) app_init: ESP-IDF:          v5.4[0m
[0;32mI (223) efuse_init: Min chip rev:     v0.0[0m
[0;32mI (226) efuse_init: Max chip rev:     v3.99 [0m
[0;32mI (230) efuse_init: Chip rev:         v3.1[0m
[0;32mI (235) heap_init: Initializing. RAM available for dynamic allocation:[0m
[0;32mI (241) heap_init: At 3FFAE6E0 len 00001920 (6 KiB): DRAM[0m
[0;32mI (246) heap_init: At 3FFB2DD8 len 0002D228 (180 KiB): DRAM[0m
[0;32mI (251) heap_init: At 3FFE0440 len 00003AE0 (14 KiB): D/IRAM[0m
[0;32mI (256) heap_init: At 3FFE4350 len 0001BCB0 (111 KiB): D/IRAM[0m
[0;32mI (262) heap_init: At 4008E4BC len 00011B44 (70 KiB): IRAM[0m
[0;32mI (269) spi_flash: detected chip: generic[0m
I (271) spi_flash: flash io: dio
[1;31mE (274) i2c: CONFLICT! driver_ng is not allowed to be used with this old driver[0m

abort() was called at PC 0x400d9cb0 on core 0


Backtrace: 0x4008199d:0x3ffe3b30 0x400867c9:0x3ffe3b50 0x4008cd81:0x3ffe3b70 0x400d9cb0:0x3ffe3be0 0x400d1d4b:0x3ffe3c00 0x400d1e32:0x3ffe3c20 0x40081436:0x3ffe3c40 0x4007971a:0x3ffe3c90 |<-CORRUPTED




ELF file SHA256: f7742b1af

Rebooting...
ets Jul 29 2019 12:21:46

rst:0xc (SW_CPU_RESET),boot:0x17 (SPI_FAST_FLASH_BOOT)
configsip: 0, SPIWP:0xee
clk_drv:0x00,q_drv:0x00,d_drv:0x00,cs0_drv:0x00,hd_drv:0x00,wp_drv:0x00
mode:DIO, clock div:2
load:0x3fff0030,len:6276
load:0x40078000,len:15716
load:0x40080400,len:4
ho 8 tail 4 room 4
load:0x40080404,len:3852
entry 0x4008063c
[0;32mI (31) boot: ESP-IDF v5.4 2nd stage bootloader[0m
[0;32mI (31) boot: compile time May 26 2025 23:36:22[0m
[0;32mI (31) boot: Multicore bootloader[0m
[0;32mI (32) boot: chip revision: v3.1[0m
[0;32mI (35) boot.esp32: SPI Speed      : 40MHz[0m
[0;32mI (39) boot.esp32: SPI Mode       : DIO[0m
[0;32mI (42) boot.esp32: SPI Flash Size : 4MB[0m
[0;32mI (46) boot: Enabling RNG early entropy source...[0m
[0;32mI (50) boot: Partition Table:[0m
[0;32mI (53) boot: ## Label            Usage          Type ST Offset   Length[0m
[0;32mI (59) boot:  0 nvs              WiFi data        01 02 00009000 00006000[0m
[0;32mI (66) boot:  1 phy_init         RF data          01 01 0000f000 00001000[0m
[0;32mI (72) boot:  2 factory          factory app      00 00 00010000 00100000[0m
[0;32mI (79) boot: End of partition table[0m
[0;32mI (82) esp_image: segment 0: paddr=00010020 vaddr=3f400020 size=0b8f0h ( 47344) map[0m
[0;32mI (106) esp_image: segment 1: paddr=0001b918 vaddr=3ff80000 size=0001ch (    28) load[0m
[0;32mI (106) esp_image: segment 2: paddr=0001b93c vaddr=3ffb0000 size=023ach (  9132) load[0m
[0;32mI (113) esp_image: segment 3: paddr=0001dcf0 vaddr=40080000 size=02328h (  9000) load[0m
[0;32mI (121) esp_image: segment 4: paddr=00020020 vaddr=400d0020 size=16d3ch ( 93500) map[0m
[0;32mI (157) esp_image: segment 5: paddr=00036d64 vaddr=40082328 size=0c194h ( 49556) load[0m
[0;32mI (183) boot: Loaded app from partition at offset 0x10000[0m
[0;32mI (183) boot: Disabling RNG early entropy source...[0m
[0;32mI (194) cpu_start: Multicore app[0m
[0;32mI (202) cpu_start: Pro cpu start user code[0m
[0;32mI (202) cpu_start: cpu freq: 80000000 Hz[0m
[0;32mI (202) app_init: Application information:[0m
[0;32mI (202) app_init: Project name:     ESP32_level[0m
[0;32mI (206) app_init: App version:      1[0m
[0;32mI (210) app_init: Compile time:     May 26 2025 23:21:11[0m
[0;32mI (215) app_init: ELF file SHA256:  f7742b1af...[0m
[0;32mI (219) app_init: ESP-IDF:          v5.4[0m
[0;32mI (223) efuse_init: Min chip rev:     v0.0[0m
[0;32mI (226) efuse_init: Max chip rev:     v3.99 [0m
[0;32mI (230) efuse_init: Chip rev:         v3.1[0m
[0;32mI (235) heap_init: Initializing. RAM available for dynamic allocation:[0m
[0;32mI (241) heap_init: At 3FFAE6E0 len 00001920 (6 KiB): DRAM[0m
[0;32mI (246) heap_init: At 3FFB2DD8 len 0002D228 (180 KiB): DRAM[0m
[0;32mI (251) heap_init: At 3FFE0440 len 00003AE0 (14 KiB): D/IRAM[0m
[0;32mI (256) heap_init: At 3FFE4350 len 0001BCB0 (111 KiB): D/IRAM[0m
[0;32mI (262) heap_init: At 4008E4BC len 00011B44 (70 KiB): IRAM[0m
[0;32mI (269) spi_flash: detected chip: generic[0m
[0;32mI (271) spi_flash: flash io: dio[0m
[1;31mE (274) i2c: CONFLICT! driver_ng is not allowed to be used with this old driver[0m

abort() was called at PC 0x400d9cb0 on core 0


Backtrace: 0x4008199d:0x3ffe3b30 0x400867c9:0x3ffe3b50 0x4008cd81:0x3ffe3b70 0x400d9cb0:0x3ffe3be0 0x400d1d4b:0x3ffe3c00 0x400d1e32:0x3ffe3c20 0x40081436:0x3ffe3c40 0x4007971a:0x3ffe3c90 |<-CORRUPTED




ELF file SHA256: f7742b1af

Rebooting...
ets Jul 29 2019 12:21:46

rst:0xc (SW_CPU_RESET),boot:0x17 (SPI_FAST_FLASH_BOOT)
configsip: 0, SPIWP:0xee
clk_drv:0x00,q_drv:0x00,d_drv:0x00,cs0_drv:0x00,hd_drv:0x00,wp_drv:0x00
mode:DIO, clock div:2
load:0x3fff0030,len:6276
load:0x40078000,len:15716
load:0x40080400,len:4
ho 8 tail 4 room 4
load:0x40080404,len:3852
entry 0x4008063c
[0;32mI (31) boot: ESP-IDF v5.4 2nd stage bootloader[0m
[0;32mI (31) boot: compile time May 26 2025 23:36:22[0m
[0;32mI (31) boot: Multicore bootloader[0m
[0;32mI (32) boot: chip revision: v3.1[0m
[0;32mI (35) boot.esp32: SPI Speed      : 40MHz[0m
[0;32mI (39) boot.esp32: SPI Mode       : DIO[0m
[0;32mI (42) boot.esp32: SPI Flash Size : 4MB[0m
[0;32mI (46) boot: Enabling RNG early entropy source...[0m
[0;32mI (50) boot: Partition Table:[0m
[0;32mI (53) boot: ## Label            Usage          Type ST Offset   Length[0m
[0;32mI (59) boot:  0 nvs              WiFi data        01 02 00009000 00006000[0m
[0;32mI (66) boot:  1 phy_init         RF data          01 01 0000f000 00001000[0m
[0;32mI (72) boot:  2 factory          factory app      00 00 00010000 00100000[0m
[0;32mI (79) boot: End of partition table[0m
[0;32mI (82) esp_image: segment 0: paddr=00010020 vaddr=3f400020 size=0b8f0h ( 47344) map[0m
[0;32mI (106) esp_image: segment 1: paddr=0001b918 vaddr=3ff80000 size=0001ch (    28) load[0m
[0;32mI (106) esp_image: segment 2: paddr=0001b93c vaddr=3ffb0000 size=023ach (  9132) load[0m
[0;32mI (113) esp_image: segment 3: paddr=0001dcf0 vaddr=40080000 size=02328h (  9000) load[0m
[0;32mI (121) esp_image: segment 4: paddr=00020020 vaddr=400d0020 size=16d3ch ( 93500) map[0m
[0;32mI (157) esp_image: segment 5: paddr=00036d64 vaddr=40082328 size=0c194h ( 49556) load[0m
[0;32mI (183) boot: Loaded app from partition at offset 0x10000[0m
[0;32mI (183) boot: Disabling RNG early entropy source...[0m
[0;32mI (194) cpu_start: Multicore app[0m
[0;32mI (202) cpu_start: Pro cpu start user code[0m
[0;32mI (202) cpu_start: cpu freq: 80000000 Hz[0m
[0;32mI (202) app_init: Application information:[0m
[0;32mI (202) app_init: Project name:     ESP32_level[0m
[0;32mI (206) app_init: App version:      1[0m
[0;32mI (210) app_init: Compile time:     May 26 2025 23:21:11[0m
[0;32mI (215) app_init: ELF file SHA256:  f7742b1af...[0m
[0;32mI (219) app_init: ESP-IDF:          v5.4[0m
[0;32mI (223) efuse_init: Min chip rev:     v0.0[0m
[0;32mI (226) efuse_init: Max chip rev:     v3.99 [0m
[0;32mI (230) efuse_init: Chip rev:         v3.1[0m
[0;32mI (235) heap_init: Initializing. RAM available for dynamic allocation:[0m
[0;32mI (241) heap_init: At 3FFAE6E0 len 00001920 (6 KiB): DRAM[0m
[0;32mI (246) heap_init: At 3FFB2DD8 len 0002D228 (180 KiB): DRAM[0m
[0;32mI (251) heap_init: At 3FFE0440 len 00003AE0 (14 KiB): D/IRAM[0m
[0;32mI (256) heap_init: At 3FFE4350 len 0001BCB0 (111 KiB): D/IRAM[0m
[0;32mI (262) heap_init: At 4008E4BC len 00011B44 (70 KiB): IRAM[0m
[0;32mI (269) spi_flash: detected chip: generic[0m
[0;32mI (271) spi_flash: flash io: dio[0m
[1;31mE (274) i2c: CONFLICT! driver_ng is not allowed to be used with this old driver[0m

abort() was called at PC 0x400d9cb0 on core 0


Backtrace: 0x4008199d:0x3ffe3b30 0x400867c9:0x3ffe3b50 0x4008cd81:0x3ffe3b70 0x400d9cb0:0x3ffe3be0 0x400d1d4b:0x3ffe3c00 0x400d1e32:0x3ffe3c20 0x40081436:0x3ffe3c40 0x4007971a:0x3ffe3c90 |<-CORRUPTED




ELF file SHA256: f7742b1af

Rebooting...
ets Jul 29 2019 12:21:46

rst:0xc (SW_CPU_RESET),boot:0x17 (SPI_FAST_FLASH_BOOT)
configsip: 0, SPIWP:0xee
clk_drv:0x00,q_drv:0x00,d_drv:0x00,cs0_drv:0x00,hd_drv:0x00,wp_drv:0x00
mode:DIO, clock div:2
load:0x3fff0030,len:6276
load:0x40078000,len:15716
load:0x40080400,len:4
ho 8 tail 4 room 4
load:0x40080404,len:3852
entry 0x4008063c
[0;32mI (31) boot: ESP-IDF v5.4 2nd stage bootloader[0m
[0;32mI (31) boot: compile time May 26 2025 23:36:22[0m
[0;32mI (31) boot: Multicore bootloader[0m
[0;32mI (32) boot: chip revision: v3.1[0m
[0;32mI (35) boot.esp32: SPI Speed      : 40MHz[0m
[0;32mI (39) boot.esp32: SPI Mode       : DIO[0m
[0;32mI (42) boot.esp32: SPI Flash Size : 4MB[0m
[0;32mI (46) boot: Enabling RNG early entropy source...[0m
[0;32mI (50) boot: Partition Table:[0m
[0;32mI (53) boot: ## Label            Usage          Type ST Offset   Length[0m
[0;32mI (59) boot:  0 nvs              WiFi data        01 02 00009000 00006000[0m
[0;32mI (66) boot:  1 phy_init         RF data          01 01 0000f000 00001000[0m
[0;32mI (72) boot:  2 factory          factory app      00 00 00010000 00100000[0m
[0;32mI (79) boot: End of partition table[0m
[0;32mI (82) esp_image: segment 0: paddr=00010020 vaddr=3f400020 size=0b8f0h ( 47344) map[0m
[0;32mI (106) esp_image: segment 1: paddr=0001b918 vaddr=3ff80000 size=0001ch (    28) load[0m
[0;32mI (106) esp_image: segment 2: paddr=0001b93c vaddr=3ffb0000 size=023ach (  9132) load[0m
[0;32mI (113) esp_image: segment 3: paddr=0001dcf0 vaddr=40080000 size=02328h (  9000) load[0m
[0;32mI (121) esp_image: segment 4: paddr=00020020 vaddr=400d0020 size=16d3ch ( 93500) map[0m
[0;32mI (157) esp_image: segment 5: paddr=00036d64 vaddr=40082328 size=0c194h ( 49556) load[0m
[0;32mI (183) boot: Loaded app from partition at offset 0x10000[0m
[0;32mI (183) boot: Disabling RNG early entropy source...[0m
[0;32mI (194) cpu_start: Multicore app[0m
[0;32mI (202) cpu_start: Pro cpu start user code[0m
[0;32mI (202) cpu_start: cpu freq: 80000000 Hz[0m
[0;32mI (202) app_init: Application information:[0m
[0;32mI (202) app_init: Project name:     ESP32_level[0m
[0;32mI (206) app_init: App version:      1[0m
[0;32mI (210) app_init: Compile time:     May 26 2025 23:21:11[0m
[0;32mI (215) app_init: ELF file SHA256:  f7742b1af...[0m
[0;32mI (219) app_init: ESP-IDF:          v5.4[0m
[0;32mI (223) efuse_init: Min chip rev:     v0.0[0m
[0;32mI (226) efuse_init: Max chip rev:     v3.99 [0m
[0;32mI (230) efuse_init: Chip rev:         v3.1[0m
[0;32mI (235) heap_init: Initializing. RAM available for dynamic allocation:[0m
[0;32mI (241) heap_init: At 3FFAE6E0 len 00001920 (6 KiB): DRAM[0m
[0;32mI (246) heap_init: At 3FFB2DD8 len 0002D228 (180 KiB): DRAM[0m
[0;32mI (251) heap_init: At 3FFE0440 len 00003AE0 (14 KiB): D/IRAM[0m
[0;32mI (256) heap_init: At 3FFE4350 len 0001BCB0 (111 KiB): D/IRAM[0m
[0;32mI (262) heap_init: At 4008E4BC len 00011B44 (70 KiB): IRAM[0m
[0;32mI (269) spi_flash: detected chip: generic[0m
[0;32mI (271) spi_flash: flash io: dio[0m
[1;31mE (274) i2c: CONFLICT! driver_ng is not allowed to be used with this old driver[0m

abort() was called at PC 0x400d9cb0 on core 0


Backtrace: 0x4008199d:0x3ffe3b30 0x400867c9:0x3ffe3b50 0x4008cd81:0x3ffe3b70 0x400d9cb0:0x3ffe3be0 0x400d1d4b:0x3ffe3c00 0x400d1e32:0x3ffe3c20 0x40081436:0x3ffe3c40 0x4007971a:0x3ffe3c90 |<-CORRUPTED




ELF file SHA256: f7742b1af

Rebooting...
ets Jul 29 2019 12:21:46

rst:0xc (SW_CPU_RESET),boot:0x17 (SPI_FAST_FLASH_BOOT)
configsip: 0, SPIWP:0xee
clk_drv:0x00,q_drv:0x00,d_drv:0x00,cs0_drv:0x00,hd_drv:0x00,wp_drv:0x00
mode:DIO, clock div:2
load:0x3fff0030,len:6276
load:0x40078000,len:15716
load:0x40080400,len:4
ho 8 tail 4 room 4
load:0x40080404,len:3852
entry 0x4008063c
[0;32mI (31) boot: ESP-IDF v5.4 2nd stage bootloader[0m
[0;32mI (31) boot: compile time May 26 2025 23:36:22[0m
[0;32mI (31) boot: Multicore bootloader[0m
[0;32mI (32) boot: chip revision: v3.1[0m
[0;32mI (35) boot.esp32: SPI Speed      : 40MHz[0m
[0;32mI (39) boot.esp32: SPI Mode       : DIO[0m
[0;32mI (42) boot.esp32: SPI Flash Size : 4MB[0m
[0;32mI (46) boot: Enabling RNG early entropy source...[0m
[0;32mI (50) boot: Partition Table:[0m
[0;32mI (53) boot: ## Label            Usage          Type ST Offset   Length[0m
[0;32mI (59) boot:  0 nvs              WiFi data        01 02 00009000 00006000[0m
[0;32mI (66) boot:  1 phy_init         RF data          01 01 0000f000 00001000[0m
[0;32mI (72) boot:  2 factory          factory app      00 00 00010000 00100000[0m
[0;32mI (79) boot: End of partition table[0m
[0;32mI (82) esp_image: segment 0: paddr=00010020 vaddr=3f400020 size=0b8f0h ( 47344) map[0m
[0;32mI (106) esp_image: segment 1: paddr=0001b918 vaddr=3ff80000 size=0001ch (    28) load[0m
[0;32mI (106) esp_image: segment 2: paddr=0001b93c vaddr=3ffb0000 size=023ach (  9132) load[0m
[0;32mI (113) esp_image: segment 3: paddr=0001dcf0 vaddr=40080000 size=02328h (  9000) load[0m
[0;32mI (121) esp_image: segment 4: paddr=00020020 vaddr=400d0020 size=16d3ch ( 93500) map[0m
[0;32mI (157) esp_image: segment 5: paddr=00036d64 vaddr=40082328 size=0c194h ( 49556) load[0m
[0;32mI (183) boot: Loaded app from partition at offset 0x10000[0m
[0;32mI (183) boot: Disabling RNG early entropy source...[0m
[0;32mI (194) cpu_start: Multicore app[0m
[0;32mI (202) cpu_start: Pro cpu start user code[0m
[0;32mI (202) cpu_start: cpu freq: 80000000 Hz[0m
[0;32mI (202) app_init: Application information:[0m
[0;32mI (202) app_init: Project name:     ESP32_level[0m
[0;32mI (206) app_init: App version:      1[0m
[0;32mI (210) app_init: Compile time:     May 26 2025 23:21:11[0m
[0;32mI (215) app_init: ELF file SHA256:  f7742b1af...[0m
[0;32mI (219) app_init: ESP-IDF:          v5.4[0m
[0;32mI (223) efuse_init: Min chip rev:     v0.0[0m
[0;32mI (226) efuse_init: Max chip rev:     v3.99 [0m
[0;32mI (230) efuse_init: Chip rev:         v3.1[0m
[0;32mI (235) heap_init: Initializing. RAM available for dynamic allocation:[0m
[0;32mI (241) heap_init: At 3FFAE6E0 len 00001920 (6 KiB): DRAM[0m
[0;32mI (246) heap_init: At 3FFB2DD8 len 0002D228 (180 KiB): DRAM[0m
[0;32mI (251) heap_init: At 3FFE0440 len 00003AE0 (14 KiB): D/IRAM[0m
[0;32mI (256) heap_init: At 3FFE4350 len 0001BCB0 (111 KiB): D/IRAM[0m
[0;32mI (262) heap_init: At 4008E4BC len 00011B44 (70 KiB): IRAM[0m
[0;32mI (269) spi_flash: detected chip: generic[0m
[0;32mI (271) spi_flash: flash io: dio[0m
[1;31mE (274) i2c: CONFLICT! driver_ng is not allowed to be used with this old driver[0m

abort() was called at PC 0x400d9cb0 on core 0


Backtrace: 0x4008199d:0x3ffe3b30 0x400867c9:0x3ffe3b50 0x4008cd81:0x3ffe3b70 0x400d9cb0:0x3ffe3be0 0x400d1d4b:0x3ffe3c00 0x400d1e32:0x3ffe3c20 0x40081436:0x3ffe3c40 0x4007971a:0x3ffe3c90 |<-CORRUPTED




ELF file SHA256: f7742b1af

Rebooting...
ets Jul 29 2019 12:21:46

rst:0xc (SW_CPU_RESET),boot:0x17 (SPI_FAST_FLASH_BOOT)
configsip: 0, SPIWP:0xee
clk_drv:0x00,q_drv:0x00,d_drv:0x00,cs0_drv:0x00,hd_drv:0x00,wp_drv:0x00
mode:DIO, clock div:2
load:0x3fff0030,len:6276
load:0x40078000,len:15716
load:0x40080400,len:4
ho 8 tail 4 room 4
load:0x40080404,len:3852
entry 0x4008063c
[0;32mI (31) boot: ESP-IDF v5.4 2nd stage bootloader[0m
[0;32mI (31) boot: compile time May 26 2025 23:36:22[0m
[0;32mI (31) boot: Multicore bootloader[0m
[0;32mI (32) boot: chip revision: v3.1[0m
[0;32mI (35) boot.esp32: SPI Speed      : 40MHz[0m
[0;32mI (39) boot.esp32: SPI Mode       : DIO[0m
[0;32mI (42) boot.esp32: SPI Flash Size : 4MB[0m
[0;32mI (46) boot: Enabling RNG early entropy source...[0m
[0;32mI (50) boot: Partition Table:[0m
[0;32mI (53) boot: ## Label            Usage          Type ST Offset   Length[0m
[0;32mI (59) boot:  0 nvs              WiFi data        01 02 00009000 00006000[0m
[0;32mI (66) boot:  1 phy_init         RF data          01 01 0000f000 00001000[0m
[0;32mI (72) boot:  2 factory          factory app      00 00 00010000 00100000[0m
[0;32mI (79) boot: End of partition table[0m
[0;32mI (82) esp_image: segment 0: paddr=00010020 vaddr=3f400020 size=0b8f0h ( 47344) map[0m
[0;32mI (106) esp_image: segment 1: paddr=0001b918 vaddr=3ff80000 size=0001ch (    28) load[0m
[0;32mI (106) esp_image: segment 2: paddr=0001b93c vaddr=3ffb0000 size=023ach (  9132) load[0m
[0;32mI (113) esp_image: segment 3: paddr=0001dcf0 vaddr=40080000 size=02328h (  9000) load[0m
[0;32mI (121) esp_image: segment 4: paddr=00020020 vaddr=400d0020 size=16d3ch ( 93500) map[0m
[0;32mI (157) esp_image: segment 5: paddr=00036d64 vaddr=40082328 size=0c194h ( 49556) load[0m
[0;32mI (183) boot: Loaded app from partition at offset 0x10000[0m
[0;32mI (183) boot: Disabling RNG early entropy source...[0m
[0;32mI (194) cpu_start: Multicore app[0m
[0;32mI (202) cpu_start: Pro cpu start user code[0m
[0;32mI (202) cpu_start: cpu freq: 80000000 Hz[0m
[0;32mI (202) app_init: Application information:[0m
[0;32mI (202) app_init: Project name:     ESP32_level[0m
[0;32mI (206) app_init: App version:      1[0m
[0;32mI (210) app_init: Compile time:     May 26 2025 23:21:11[0m
[0;32mI (215) app_init: ELF file SHA256:  f7742b1af...[0m
[0;32mI (219) app_init: ESP-IDF:          v5.4[0m
[0;32mI (223) efuse_init: Min chip rev:     v0.0[0m
[0;32mI (226) efuse_init: Max chip rev:     v3.99 [0m
[0;32mI (230) efuse_init: Chip rev:         v3.1[0m
[0;32mI (235) heap_init: Initializing. RAM available for dynamic allocation:[0m
[0;32mI (241) heap_init: At 3FFAE6E0 len 00001920 (6 KiB): DRAM[0m
[0;32mI (246) heap_init: At 3FFB2DD8 len 0002D228 (180 KiB): DRAM[0m
[0;32mI (251) heap_init: At 3FFE0440 len 00003AE0 (14 KiB): D/IRAM[0m
[0;32mI (256) heap_init: At 3FFE4350 len 0001BCB0 (111 KiB): D/IRAM[0m
[0;32mI (262) heap_init: At 4008E4BC len 00011B44 (70 KiB): IRAM[0m
[0;32mI (269) spi_flash: detected chip: generic[0m
[0;32mI (271) spi_flash: flash io: dio[0m
[1;31mE (274) i2c: CONFLICT! driver_ng is not allowed to be used with this old driver[0m

abort() was called at PC 0x400d9cb0 on core 0


Backtrace: 0x4008199d:0x3ffe3b30 0x400867c9:0x3ffe3b50 0x4008cd81:0x3ffe3b70 0x400d9cb0:0x3ffe3be0 0x400d1d4b:0x3ffe3c00 0x400d1e32:0x3ffe3c20 0x40081436:0x3ffe3c40 0x4007971a:0x3ffe3c90 |<-CORRUPTED




ELF file SHA256: f7742b1af

Rebooting...
ets Jul 29 2019 12:21:46

rst:0xc (SW_CPU_RESET),boot:0x17 (SPI_FAST_FLASH_BOOT)
configsip: 0, SPIWP:0xee
clk_drv:0x00,q_drv:0x00,d_drv:0x00,cs0_drv:0x00,hd_drv:0x00,wp_drv:0x00
mode:DIO, clock div:2
load:0x3fff0030,len:6276
load:0x40078000,len:15716
load:0x40080400,len:4
ho 8 tail 4 room 4
load:0x40080404,len:3852
entry 0x4008063c
[0;32mI (31) boot: ESP-IDF v5.4 2nd stage bootloader[0m
[0;32mI (31) boot: compile time May 26 2025 23:36:22[0m
[0;32mI (31) boot: Multicore bootloader[0m
[0;32mI (32) boot: chip revision: v3.1[0m
[0;32mI (35) boot.esp32: SPI Speed      : 40MHz[0m
[0;32mI (39) boot.esp32: SPI Mode       : DIO[0m
[0;32mI (42) boot.esp32: SPI Flash Size : 4MB[0m
[0;32mI (46) boot: Enabling RNG early entropy source...[0m
[0;32mI (50) boot: Partition Table:[0m
[0;32mI (53) boot: ## Label            Usage          Type ST Offset   Length[0m
[0;32mI (59) boot:  0 nvs              WiFi data        01 02 00009000 00006000[0m
[0;32mI (66) boot:  1 phy_init         RF data          01 01 0000f000 00001000[0m
[0;32mI (72) boot:  2 factory          factory app      00 00 00010000 00100000[0m
[0;32mI (79) boot: End of partition table[0m
[0;32mI (82) esp_image: segment 0: paddr=00010020 vaddr=3f400020 size=0b8f0h ( 47344) map[0m
[0;32mI (106) esp_image: segment 1: paddr=0001b918 vaddr=3ff80000 size=0001ch (    28) load[0m
[0;32mI (106) esp_image: segment 2: paddr=0001b93c vaddr=3ffb0000 size=023ach (  9132) load[0m
[0;32mI (113) esp_image: segment 3: paddr=0001dcf0 vaddr=40080000 size=02328h (  9000) load[0m
[0;32mI (121) esp_image: segment 4: paddr=00020020 vaddr=400d0020 size=16d3ch ( 93500) map[0m
[0;32mI (157) esp_image: segment 5: paddr=00036d64 vaddr=40082328 size=0c194h ( 49556) load[0m
[0;32mI (183) boot: Loaded app from partition at offset 0x10000[0m
[0;32mI (183) boot: Disabling RNG early entropy source...[0m
[0;32mI (194) cpu_start: Multicore app[0m
[0;32mI (202) cpu_start: Pro cpu start user code[0m
[0;32mI (202) cpu_start: cpu freq: 80000000 Hz[0m
[0;32mI (202) app_init: Application information:[0m
[0;32mI (202) app_init: Project name:     ESP32_level[0m
[0;32mI (206) app_init: App version:      1[0m
[0;32mI (210) app_init: Compile time:     May 26 2025 23:21:11[0m
[0;32mI (215) app_init: ELF file SHA256:  f7742b1af...[0m
[0;32mI (219) app_init: ESP-IDF:          v5.4[0m
[0;32mI (223) efuse_init: Min chip rev:     v0.0[0m
[0;32mI (226) efuse_init: Max chip rev:     v3.99 [0m
[0;32mI (230) efuse_init: Chip rev:         v3.1[0m
[0;32mI (235) heap_init: Initializing. RAM available for dynamic allocation:[0m
[0;32mI (241) heap_init: At 3FFAE6E0 len 00001920 (6 KiB): DRAM[0m
[0;32mI (246) heap_init: At 3FFB2DD8 len 0002D228 (180 KiB): DRAM[0m
[0;32mI (251) heap_init: At 3FFE0440 len 00003AE0 (14 KiB): D/IRAM[0m
[0;32mI (256) heap_init: At 3FFE4350 len 0001BCB0 (111 KiB): D/IRAM[0m
[0;32mI (262) heap_init: At 4008E4BC len 00011B44 (70 KiB): IRAM[0m
[0;32mI (269) spi_flash: detected chip: generic[0m
[0;32mI (271) spi_flash: flash io: dio[0m
[1;31mE (274) i2c: CONFLICT! driver_ng is not allowed to be used with this old driver[0m

abort() was called at PC 0x400d9cb0 on core 0


Backtrace: 0x4008199d:0x3ffe3b30 0x400867c9:0x3ffe3b50 0x4008cd81:0x3ffe3b70 0x400d9cb0:0x3ffe3be0 0x400d1d4b:0x3ffe3c00 0x400d1e32:0x3ffe3c20 0x40081436:0x3ffe3c40 0x4007971a:0x3ffe3c90 |<-CORRUPTED




ELF file SHA256: f7742b1af

Rebooting...
ets Jul 29 2019 12:21:46

rst:0xc (SW_CPU_RESET),boot:0x17 (SPI_FAST_FLASH_BOOT)
configsip: 0, SPIWP:0xee
clk_drv:0x00,q_drv:0x00,d_drv:0x00,cs0_drv:0x00,hd_drv:0x00,wp_drv:0x00
mode:DIO, clock div:2
load:0x3fff0030,len:6276
load:0x40078000,len:15716
load:0x40080400,len:4
ho 8 tail 4 room 4
load:0x40080404,len:3852
entry 0x4008063c
[0;32mI (31) boot: ESP-IDF v5.4 2nd stage bootloader[0m
[0;32mI (31) boot: compile time May 26 2025 23:36:22[0m
[0;32mI (31) boot: Multicore bootloader[0m
[0;32mI (32) boot: chip revision: v3.1[0m
[0;32mI (35) boot.esp32: SPI Speed      : 40MHz[0m
[0;32mI (39) boot.esp32: SPI Mode       : DIO[0m
[0;32mI (42) boot.esp32: SPI Flash Size : 4MB[0m
[0;32mI (46) boot: Enabling RNG early entropy source...[0m
[0;32mI (50) boot: Partition Table:[0m
[0;32mI (53) boot: ## Label            Usage          Type ST Offset   Length[0m
[0;32mI (59) boot:  0 nvs              WiFi data        01 02 00009000 00006000[0m
[0;32mI (66) boot:  1 phy_init         RF data          01 01 0000f000 00001000[0m
[0;32mI (72) boot:  2 factory          factory app      00 00 00010000 00100000[0m
[0;32mI (79) boot: End of partition table[0m
[0;32mI (82) esp_image: segment 0: paddr=00010020 vaddr=3f400020 size=0b8f0h ( 47344) map[0m
[0;32mI (106) esp_image: segment 1: paddr=0001b918 vaddr=3ff80000 size=0001ch (    28) load[0m
[0;32mI (106) esp_image: segment 2: paddr=0001b93c vaddr=3ffb0000 size=023ach (  9132) load[0m
[0;32mI (113) esp_image: segment 3: paddr=0001dcf0 vaddr=40080000 size=02328h (  9000) load[0m
[0;32mI (121) esp_image: segment 4: paddr=00020020 vaddr=400d0020 size=16d3ch ( 93500) map[0m
[0;32mI (157) esp_image: segment 5: paddr=00036d64 vaddr=40082328 size=0c194h ( 49556) load[0m
[0;32mI (183) boot: Loaded app from partition at offset 0x10000[0m
[0;32mI (183) boot: Disabling RNG early entropy source...[0m
[0;32mI (194) cpu_start: Multicore app[0m
[0;32mI (202) cpu_start: Pro cpu start user code[0m
[0;32mI (202) cpu_start: cpu freq: 80000000 Hz[0m
[0;32mI (202) app_init: Application information:[0m
[0;32mI (202) app_init: Project name:     ESP32_level[0m
[0;32mI (206) app_init: App version:      1[0m
[0;32mI (210) app_init: Compile time:     May 26 2025 23:21:11[0m
[0;32mI (215) app_init: ELF file SHA256:  f7742b1af...[0m
[0;32mI (219) app_init: ESP-IDF:          v5.4[0m
[0;32mI (223) efuse_init: Min chip rev:     v0.0[0m
[0;32mI (226) efuse_init: Max chip rev:     v3.99 [0m
[0;32mI (230) efuse_init: Chip rev:         v3.1[0m
[0;32mI (235) heap_init: Initializing. RAM available for dynamic allocation:[0m
[0;32mI (241) heap_init: At 3FFAE6E0 len 00001920 (6 KiB): DRAM[0m
[0;32mI (246) heap_init: At 3FFB2DD8 len 0002D228 (180 KiB): DRAM[0m
[0;32mI (251) heap_init: At 3FFE0440 len 00003AE0 (14 KiB): D/IRAM[0m
[0;32mI (256) heap_init: At 3FFE4350 len 0001BCB0 (111 KiB): D/IRAM[0m
[0;32mI (262) heap_init: At 4008E4BC len 00011B44 (70 KiB): IRAM[0m
[0;32mI (269) spi_flash: detected chip: generic[0m
[0;32mI (271) spi_flash: flash io: dio[0m
[1;31mE (274) i2c: CONFLICT! driver_ng is not allowed to be used with this old driver[0m

abort() was called at PC 0x400d9cb0 on core 0


Backtrace: 0x4008199d:0x3ffe3b30 0x400867c9:0x3ffe3b50 0x4008cd81:0x3ffe3b70 0x400d9cb0:0x3ffe3be0 0x400d1d4b:0x3ffe3c00 0x400d1e32:0x3ffe3c20 0x40081436:0x3ffe3c40 0x4007971a:0x3ffe3c90 |<-CORRUPTED




ELF file SHA256: f7742b1af

Rebooting...
ets Jul 29 2019 12:21:46

rst:0xc (SW_CPU_RESET),boot:0x17 (SPI_FAST_FLASH_BOOT)
configsip: 0, SPIWP:0xee
clk_drv:0x00,q_drv:0x00,d_drv:0x00,cs0_drv:0x00,hd_drv:0x00,wp_drv:0x00
mode:DIO, clock div:2
load:0x3fff0030,len:6276
load:0x40078000,len:15716
load:0x40080400,len:4
ho 8 tail 4 room 4
load:0x40080404,len:3852
entry 0x4008063c
[0;32mI (31) boot: ESP-IDF v5.4 2nd stage bootloader[0m
[0;32mI (31) boot: compile time May 26 2025 23:36:22[0m
[0;32mI (31) boot: Multicore bootloader[0m
[0;32mI (32) boot: chip revision: v3.1[0m
[0;32mI (35) boot.esp32: SPI Speed      : 40MHz[0m
[0;32mI (39) boot.esp32: SPI Mode       : DIO[0m
[0;32mI (42) boot.esp32: SPI Flash Size : 4MB[0m
[0;32mI (46) boot: Enabling RNG early entropy source...[0m
[0;32mI (50) boot: Partition Table:[0m
[0;32mI (53) boot: ## Label            Usage          Type ST Offset   Length[0m
[0;32mI (59) boot:  0 nvs              WiFi data        01 02 00009000 00006000[0m
[0;32mI (66) boot:  1 phy_init         RF data          01 01 0000f000 00001000[0m
[0;32mI (72) boot:  2 factory          factory app      00 00 00010000 00100000[0m
[0;32mI (79) boot: End of partition table[0m
[0;32mI (82) esp_image: segment 0: paddr=00010020 vaddr=3f400020 size=0b8f0h ( 47344) map[0m
[0;32mI (106) esp_image: segment 1: paddr=0001b918 vaddr=3ff80000 size=0001ch (    28) load[0m
[0;32mI (106) esp_image: segment 2: paddr=0001b93c vaddr=3ffb0000 size=023ach (  9132) load[0m
[0;32mI (113) esp_image: segment 3: paddr=0001dcf0 vaddr=40080000 size=02328h (  9000) load[0m
[0;32mI (121) esp_image: segment 4: paddr=00020020 vaddr=400d0020 size=16d3ch ( 93500) map[0m
[0;32mI (157) esp_image: segment 5: paddr=00036d64 vaddr=40082328 size=0c194h ( 49556) load[0m
[0;32mI (183) boot: Loaded app from partition at offset 0x10000[0m
[0;32mI (183) boot: Disabling RNG early entropy source...[0m
[0;32mI (194) cpu_start: Multicore app[0m
[0;32mI (202) cpu_start: Pro cpu start user code[0m
[0;32mI (202) cpu_start: cpu freq: 80000000 Hz[0m
[0;32mI (202) app_init: Application information:[0m
[0;32mI (202) app_init: Project name:     ESP32_level[0m
[0;32mI (206) app_init: App version:      1[0m
[0;32mI (210) app_init: Compile time:     May 26 2025 23:21:11[0m
[0;32mI (215) app_init: ELF file SHA256:  f7742b1af...[0m
[0;32mI (219) app_init: ESP-IDF:          v5.4[0m
[0;32mI (223) efuse_init: Min chip rev:     v0.0[0m
[0;32mI (226) efuse_init: Max chip rev:     v3.99 [0m
[0;32mI (230) efuse_init: Chip rev:         v3.1[0m
[0;32mI (235) heap_init: Initializing. RAM available for dynamic allocation:[0m
[0;32mI (241) heap_init: At 3FFAE6E0 len 00001920 (6 KiB): DRAM[0m
[0;32mI (246) heap_init: At 3FFB2DD8 len 0002D228 (180 KiB): DRAM[0m
[0;32mI (251) heap_init: At 3FFE0440 len 00003AE0 (14 KiB): D/IRAM[0m
[0;32mI (256) heap_init: At 3FFE4350 len 0001BCB0 (111 KiB): D/IRAM[0m
[0;32mI (262) heap_init: At 4008E4BC len 00011B44 (70 KiB): IRAM[0m
[0;32mI (269) spi_flash: detected chip: generic[0m
[0;32mI (271) spi_flash: flash io: dio[0m
[1;31mE (274) i2c: CONFLICT! driver_ng is not allowed to be used with this old driver[0m

abort() was called at PC 0x400d9cb0 on core 0


Backtrace: 0x4008199d:0x3ffe3b30 0x400867c9:0x3ffe3b50 0x4008cd81:0x3ffe3b70 0x400d9cb0:0x3ffe3be0 0x400d1d4b:0x3ffe3c00 0x400d1e32:0x3ffe3c20 0x40081436:0x3ffe3c40 0x4007971a:0x3ffe3c90 |<-CORRUPTED




ELF file SHA256: f7742b1af

Rebooting...
ets Jul 29 2019 12:21:46

rst:0xc (SW_CPU_RESET),boot:0x17 (SPI_FAST_FLASH_BOOT)
configsip: 0, SPIWP:0xee
clk_drv:0x00,q_drv:0x00,d_drv:0x00,cs0_drv:0x00,hd_drv:0x00,wp_drv:0x00
mode:DIO, clock div:2
load:0x3fff0030,len:6276
load:0x40078000,len:15716
load:0x40080400,len:4
ho 8 tail 4 room 4
load:0x40080404,len:3852
entry 0x4008063c
[0;32mI (31) boot: ESP-IDF v5.4 2nd stage bootloader[0m
[0;32mI (31) boot: compile time May 26 2025 23:36:22[0m
[0;32mI (31) boot: Multicore bootloader[0m
[0;32mI (32) boot: chip revision: v3.1[0m
[0;32mI (35) boot.esp32: SPI Speed      : 40MHz[0m
[0;32mI (39) boot.esp32: SPI Mode       : DIO[0m
[0;32mI (42) boot.esp32: SPI Flash Size : 4MB[0m
[0;32mI (46) boot: Enabling RNG early entropy source...[0m
[0;32mI (50) boot: Partition Table:[0m
[0;32mI (53) boot: ## Label            Usage          Type ST Offset   Length[0m
[0;32mI (59) boot:  0 nvs              WiFi data        01 02 00009000 00006000[0m
[0;32mI (66) boot:  1 phy_init         RF data          01 01 0000f000 00001000[0m
[0;32mI (72) boot:  2 factory          factory app      00 00 00010000 00100000[0m
[0;32mI (79) boot: End of partition table[0m
[0;32mI (82) esp_image: segment 0: paddr=00010020 vaddr=3f400020 size=0b8f0h ( 47344) map[0m
[0;32mI (106) esp_image: segment 1: paddr=0001b918 vaddr=3ff80000 size=0001ch (    28) load[0m
[0;32mI (106) esp_image: segment 2: paddr=0001b93c vaddr=3ffb0000 size=023ach (  9132) load[0m
[0;32mI (113) esp_image: segment 3: paddr=0001dcf0 vaddr=40080000 size=02328h (  9000) load[0m
[0;32mI (121) esp_image: segment 4: paddr=00020020 vaddr=400d0020 size=16d3ch ( 93500) map[0m
[0;32mI (157) esp_image: segment 5: paddr=00036d64 vaddr=40082328 size=0c194h ( 49556) load[0m
[0;32mI (183) boot: Loaded app from partition at offset 0x10000[0m
[0;32mI (183) boot: Disabling RNG early entropy source...[0m
[0;32mI (194) cpu_start: Multicore app[0m
[0;32mI (202) cpu_start: Pro cpu start user code[0m
[0;32mI (202) cpu_start: cpu freq: 80000000 Hz[0m
[0;32mI (202) app_init: Application information:[0m
[0;32mI (202) app_init: Project name:     ESP32_level[0m
[0;32mI (206) app_init: App version:      1[0m
[0;32mI (210) app_init: Compile time:     May 26 2025 23:21:11[0m
[0;32mI (215) app_init: ELF file SHA256:  f7742b1af...[0m
[0;32mI (219) app_init: ESP-IDF:          v5.4[0m
[0;32mI (223) efuse_init: Min chip rev:     v0.0[0m
[0;32mI (226) efuse_init: Max chip rev:     v3.99 [0m
[0;32mI (230) efuse_init: Chip rev:         v3.1[0m
[0;32mI (235) heap_init: Initializing. RAM available for dynamic allocation:[0m
[0;32mI (241) heap_init: At 3FFAE6E0 len 00001920 (6 KiB): DRAM[0m
[0;32mI (246) heap_init: At 3FFB2DD8 len 0002D228 (180 KiB): DRAM[0m
[0;32mI (251) heap_init: At 3FFE0440 len 00003AE0 (14 KiB): D/IRAM[0m
[0;32mI (256) heap_init: At 3FFE4350 len 0001BCB0 (111 KiB): D/IRAM[0m
[0;32mI (262) heap_init: At 4008E4BC len 00011B44 (70 KiB): IRAM[0m
[0;32mI (269) spi_flash: detected chip: generic[0m
[0;32mI (271) spi_flash: flash io: dio[0m
[1;31mE (274) i2c: CONFLICT! driver_ng is not allowed to be used with this old driver[0m

abort() was called at PC 0x400d9cb0 on core 0


Backtrace: 0x4008199d:0x3ffe3b30 0x400867c9:0x3ffe3b50 0x4008cd81:0x3ffe3b70 0x400d9cb0:0x3ffe3be0 0x400d1d4b:0x3ffe3c00 0x400d1e32:0x3ffe3c20 0x40081436:0x3ffe3c40 0x4007971a:0x3ffe3c90 |<-CORRUPTED




ELF file SHA256: f7742b1af

Rebooting...
ets Jul 29 2019 12:21:46

rst:0xc (SW_CPU_RESET),boot:0x17 (SPI_FAST_FLASH_BOOT)
configsip: 0, SPIWP:0xee
clk_drv:0x00,q_drv:0x00,d_drv:0x00,cs0_drv:0x00,hd_drv:0x00,wp_drv:0x00
mode:DIO, clock div:2
load:0x3fff0030,len:6276
load:0x40078000,len:15716
load:0x40080400,len:4
ho 8 tail 4 room 4
load:0x40080404,len:3852
entry 0x4008063c
[0;32mI (31) boot: ESP-IDF v5.4 2nd stage bootloader[0m
[0;32mI (31) boot: compile time May 26 2025 23:36:22[0m
[0;32mI (31) boot: Multicore bootloader[0m
[0;32mI (32) boot: chip revision: v3.1[0m
[0;32mI (35) boot.esp32: SPI Speed      : 40MHz[0m
[0;32mI (39) boot.esp32: SPI Mode       : DIO[0m
[0;32mI (42) boot.esp32: SPI Flash Size : 4MB[0m
[0;32mI (46) boot: Enabling RNG early entropy source...[0m
[0;32mI (50) boot: Partition Table:[0m
[0;32mI (53) boot: ## Label            Usage          Type ST Offset   Length[0m
[0;32mI (59) boot:  0 nvs              WiFi data        01 02 00009000 00006000[0m
[0;32mI (66) boot:  1 phy_init         RF data          01 01 0000f000 00001000[0m
[0;32mI (72) boot:  2 factory          factory app      00 00 00010000 00100000[0m
[0;32mI (79) boot: End of partition table[0m
[0;32mI (82) esp_image: segment 0: paddr=00010020 vaddr=3f400020 size=0b8f0h ( 47344) map[0m
[0;32mI (106) esp_image: segment 1: paddr=0001b918 vaddr=3ff80000 size=0001ch (    28) load[0m
[0;32mI (106) esp_image: segment 2: paddr=0001b93c vaddr=3ffb0000 size=023ach (  9132) load[0m
[0;32mI (113) esp_image: segment 3: paddr=0001dcf0 vaddr=40080000 size=02328h (  9000) load[0m
[0;32mI (121) esp_image: segment 4: paddr=00020020 vaddr=400d0020 size=16d3ch ( 93500) map[0m
[0;32mI (157) esp_image: segment 5: paddr=00036d64 vaddr=40082328 size=0c194h ( 49556) load[0m
[0;32mI (183) boot: Loaded app from partition at offset 0x10000[0m
[0;32mI (183) boot: Disabling RNG early entropy source...[0m
[0;32mI (194) cpu_start: Multicore app[0m
[0;32mI (202) cpu_start: Pro cpu start user code[0m
[0;32mI (202) cpu_start: cpu freq: 80000000 Hz[0m
[0;32mI (202) app_init: Application information:[0m
[0;32mI (202) app_init: Project name:     ESP32_level[0m
[0;32mI (206) app_init: App version:      1[0m
[0;32mI (210) app_init: Compile time:     May 26 2025 23:21:11[0m
[0;32mI (215) app_init: ELF file SHA256:  f7742b1af...[0m
[0;32mI (219) app_init: ESP-IDF:          v5.4[0m
[0;32mI (223) efuse_init: Min chip rev:     v0.0[0m
[0;32mI (226) efuse_init: Max chip rev:     v3.99 [0m
[0;32mI (230) efuse_init: Chip rev:         v3.1[0m
[0;32mI (235) heap_init: Initializing. RAM available for dynamic allocation:[0m
[0;32mI (241) heap_init: At 3FFAE6E0 len 00001920 (6 KiB): DRAM[0m
[0;32mI (246) heap_init: At 3FFB2DD8 len 0002D228 (180 KiB): DRAM[0m
[0;32mI (251) heap_init: At 3FFE0440 len 00003AE0 (14 KiB): D/IRAM[0m
[0;32mI (256) heap_init: At 3FFE4350 len 0001BCB0 (111 KiB): D/IRAM[0m
[0;32mI (262) heap_init: At 4008E4BC len 00011B44 (70 KiB): IRAM[0m
[0;32mI (269) spi_flash: detected chip: generic[0m
[0;32mI (271) spi_flash: flash io: dio[0m
[1;31mE (274) i2c: CONFLICT! driver_ng is not allowed to be used with this old driver[0m

abort() was called at PC 0x400d9cb0 on core 0


Backtrace: 0x4008199d:0x3ffe3b30 0x400867c9:0x3ffe3b50 0x4008cd81:0x3ffe3b70 0x400d9cb0:0x3ffe3be0 0x400d1d4b:0x3ffe3c00 0x400d1e32:0x3ffe3c20 0x40081436:0x3ffe3c40 0x4007971a:0x3ffe3c90 |<-CORRUPTED




ELF file SHA256: f7742b1af

Rebooting...
ets Jul 29 2019 12:21:46

rst:0xc (SW_CPU_RESET),boot:0x17 (SPI_FAST_FLASH_BOOT)
configsip: 0, SPIWP:0xee
clk_drv:0x00,q_drv:0x00,d_drv:0x00,cs0_drv:0x00,hd_drv:0x00,wp_drv:0x00
mode:DIO, clock div:2
load:0x3fff0030,len:6276
load:0x40078000,len:15716
load:0x40080400,len:4
ho 8 tail 4 room 4
load:0x40080404,len:3852
entry 0x4008063c
[0;32mI (31) boot: ESP-IDF v5.4 2nd stage bootloader[0m
[0;32mI (31) boot: compile time May 26 2025 23:36:22[0m
[0;32mI (31) boot: Multicore bootloader[0m
[0;32mI (32) boot: chip revision: v3.1[0m
[0;32mI (35) boot.esp32: SPI Speed      : 40MHz[0m
[0;32mI (39) boot.esp32: SPI Mode       : DIO[0m
[0;32mI (42) boot.esp32: SPI Flash Size : 4MB[0m
[0;32mI (46) boot: Enabling RNG early entropy source...[0m
[0;32mI (50) boot: Partition Table:[0m
[0;32mI (53) boot: ## Label            Usage          Type ST Offset   Length[0m
[0;32mI (59) boot:  0 nvs              WiFi data        01 02 00009000 00006000[0m
[0;32mI (66) boot:  1 phy_init         RF data          01 01 0000f000 00001000[0m
[0;32mI (72) boot:  2 factory          factory app      00 00 00010000 00100000[0m
[0;32mI (79) boot: End of partition table[0m
[0;32mI (82) esp_image: segment 0: paddr=00010020 vaddr=3f400020 size=0b8f0h ( 47344) map[0m
[0;32mI (106) esp_image: segment 1: paddr=0001b918 vaddr=3ff80000 size=0001ch (    28) load[0m
[0;32mI (106) esp_image: segment 2: paddr=0001b93c vaddr=3ffb0000 size=023ach (  9132) load[0m
[0;32mI (113) esp_image: segment 3: paddr=0001dcf0 vaddr=40080000 size=02328h (  9000) load[0m
[0;32mI (121) esp_image: segment 4: paddr=00020020 vaddr=400d0020 size=16d3ch ( 93500) map[0m
[0;32mI (157) esp_image: segment 5: paddr=00036d64 vaddr=40082328 size=0c194h ( 49556) load[0m
[0;32mI (183) boot: Loaded app from partition at offset 0x10000[0m
[0;32mI (183) boot: Disabling RNG early entropy source...[0m
[0;32mI (194) cpu_start: Multicore app[0m
[0;32mI (202) cpu_start: Pro cpu start user code[0m
[0;32mI (202) cpu_start: cpu freq: 80000000 Hz[0m
[0;32mI (202) app_init: Application information:[0m
[0;32mI (202) app_init: Project name:     ESP32_level[0m
[0;32mI (206) app_init: App version:      1[0m
[0;32mI (210) app_init: Compile time:     May 26 2025 23:21:11[0m
[0;32mI (215) app_init: ELF file SHA256:  f7742b1af...[0m
[0;32mI (219) app_init: ESP-IDF:          v5.4[0m
[0;32mI (223) efuse_init: Min chip rev:     v0.0[0m
[0;32mI (226) efuse_init: Max chip rev:     v3.99 [0m
[0;32mI (230) efuse_init: Chip rev:         v3.1[0m
[0;32mI (235) heap_init: Initializing. RAM available for dynamic allocation:[0m
[0;32mI (241) heap_init: At 3FFAE6E0 len 00001920 (6 KiB): DRAM[0m
[0;32mI (246) heap_init: At 3FFB2DD8 len 0002D228 (180 KiB): DRAM[0m
[0;32mI (251) heap_init: At 3FFE0440 len 00003AE0 (14 KiB): D/IRAM[0m
[0;32mI (256) heap_init: At 3FFE4350 len 0001BCB0 (111 KiB): D/IRAM[0m
[0;32mI (262) heap_init: At 4008E4BC len 00011B44 (70 KiB): IRAM[0m
[0;32mI (269) spi_flash: detected chip: generic[0m
[0;32mI (271) spi_flash: flash io: dio[0m
[1;31mE (274) i2c: CONFLICT! driver_ng is not allowed to be used with this old driver[0m

abort() was called at PC 0x400d9cb0 on core 0


Backtrace: 0x4008199d:0x3ffe3b30 0x400867c9:0x3ffe3b50 0x4008cd81:0x3ffe3b70 0x400d9cb0:0x3ffe3be0 0x400d1d4b:0x3ffe3c00 0x400d1e32:0x3ffe3c20 0x40081436:0x3ffe3c40 0x4007971a:0x3ffe3c90 |<-CORRUPTED




ELF file SHA256: f7742b1af

Rebooting...
ets Jul 29 2019 12:21:46

rst:0xc (SW_CPU_RESET),boot:0x17 (SPI_FAST_FLASH_BOOT)
configsip: 0, SPIWP:0xee
clk_drv:0x00,q_drv:0x00,d_drv:0x00,cs0_drv:0x00,hd_drv:0x00,wp_drv:0x00
mode:DIO, clock div:2
load:0x3fff0030,len:6276
load:0x40078000,len:15716
load:0x40080400,len:4
ho 8 tail 4 room 4
load:0x40080404,len:3852
entry 0x4008063c
[0;32mI (31) boot: ESP-IDF v5.4 2nd stage bootloader[0m
[0;32mI (31) boot: compile time May 26 2025 23:36:22[0m
[0;32mI (31) boot: Multicore bootloader[0m
[0;32mI (32) boot: chip revision: v3.1[0m
[0;32mI (35) boot.esp32: SPI Speed      : 40MHz[0m
[0;32mI (39) boot.esp32: SPI Mode       : DIO[0m
[0;32mI (42) boot.esp32: SPI Flash Size : 4MB[0m
[0;32mI (46) boot: Enabling RNG early entropy source...[0m
[0;32mI (50) boot: Partition Table:[0m
[0;32mI (53) boot: ## Label            Usage          Type ST Offset   Length[0m
[0;32mI (59) boot:  0 nvs              WiFi data        01 02 00009000 00006000[0m
[0;32mI (66) boot:  1 phy_init         RF data          01 01 0000f000 00001000[0m
[0;32mI (72) boot:  2 factory          factory app      00 00 00010000 00100000[0m
[0;32mI (79) boot: End of partition table[0m
[0;32mI (82) esp_image: segment 0: paddr=00010020 vaddr=3f400020 size=0b8f0h ( 47344) map[0m
[0;32mI (106) esp_image: segment 1: paddr=0001b918 vaddr=3ff80000 size=0001ch (    28) load[0m
[0;32mI (106) esp_image: segment 2: paddr=0001b93c vaddr=3ffb0000 size=023ach (  9132) load[0m
[0;32mI (113) esp_image: segment 3: paddr=0001dcf0 vaddr=40080000 size=02328h (  9000) load[0m
[0;32mI (121) esp_image: segment 4: paddr=00020020 vaddr=400d0020 size=16d3ch ( 93500) map[0m
[0;32mI (157) esp_image: segment 5: paddr=00036d64 vaddr=40082328 size=0c194h ( 49556) load[0m
[0;32mI (183) boot: Loaded app from partition at offset 0x10000[0m
[0;32mI (183) boot: Disabling RNG early entropy source...[0m
[0;32mI (194) cpu_start: Multicore app[0m
[0;32mI (202) cpu_start: Pro cpu start user code[0m
[0;32mI (202) cpu_start: cpu freq: 80000000 Hz[0m
[0;32mI (202) app_init: Application information:[0m
[0;32mI (202) app_init: Project name:     ESP32_level[0m
[0;32mI (206) app_init: App version:      1[0m
[0;32mI (210) app_init: Compile time:     May 26 2025 23:21:11[0m
